   Compiling paideia-as-emitter-pax v0.0.1 (/home/snunez/Development/paideia-as/crates/paideia-as-emitter-pax)
   Compiling paideia-as v0.0.1 (/home/snunez/Development/paideia-as/crates/paideia-as)
    Finished `test` profile [optimized + debuginfo] target(s) in 4.00s
     Running unittests src/main.rs (target/debug/deps/paideia_as-d1fe4e708fe141df)

running 6 tests
test cmd_build::tests::placeholder_path_preserves_directory ... ok
test cmd_check::tests::sarif_path_adds_suffix ... ok
test cmd_build::tests::placeholder_path_replaces_extension ... ok
test cmd_check::tests::sarif_path_with_directory ... ok
test cmd_dump_ast::tests::dump_arena_is_idempotent ... ok
test cmd_dump_ast::tests::stub_parse_produces_module_with_lets_per_ident ... ok

test result: ok. 6 passed; 0 failed; 0 ignored; 0 measured; 0 filtered out; finished in 0.00s

     Running tests/abi_pdx.rs (target/debug/deps/abi_pdx-a645f12d4378c7b8)

running 1 test
test abi_pdx_parses_cleanly ... ok

test result: ok. 1 passed; 0 failed; 0 ignored; 0 measured; 0 filtered out; finished in 1.23s

     Running tests/cli.rs (target/debug/deps/cli-04261a3fc7695131)

running 7 tests
test build_calling_convention_example_emits_clean_elf ... ok
test check_clean_example_exits_zero ... ok
test build_linear_double_use_compiles_but_doesnt_fire_walker ... ok
test check_dump_ir_prints_arena_header ... ok
test check_lex_error_emits_e0006_and_exits_one ... ok
test build_lex_error_skips_placeholder_and_exits_one ... ok
test build_clean_example_writes_placeholder ... ok

test result: ok. 7 passed; 0 failed; 0 ignored; 0 measured; 0 filtered out; finished in 1.90s

     Running tests/e2e_elf.rs (target/debug/deps/e2e_elf-2e398bc3cfc5dcf3)

running 3 tests
test build_elf64_writes_parseable_object ... ok
test build_unknown_emit_format_exits_2 ... ok
test build_placeholder_emit_still_works ... ok

test result: ok. 3 passed; 0 failed; 0 ignored; 0 measured; 0 filtered out; finished in 0.93s

     Running unittests src/lib.rs (target/debug/deps/paideia_as_ast-23d4559dd0cd295b)

running 75 tests
test arena::tests::alloc_expr_populates_expr_data ... ok
test arena::tests::alloc_item_populates_item_data ... ok
test arena::tests::alloc_returns_increasing_ids ... ok
test arena::tests::alloc_pattern_populates_pattern_data ... ok
test arena::tests::alloc_for_non_item_does_not_populate_item_data ... ok
test arena::tests::alloc_stmt_populates_stmt_data ... ok
test arena::tests::alloc_type_populates_type_data ... ok
test arena::tests::get_returns_none_for_out_of_range ... ok
test arena::tests::index_returns_node_data ... ok
test arena::tests::intern_mnemonic_returns_stable_ids ... ok
test arena::tests::len_and_empty_reflect_state ... ok
test arena::tests::mnemonic_str_retrieves_interned_values ... ok
test arena::tests::node_data_size_is_within_budget ... ok
test arena::tests::parallel_vectors_stay_in_sync ... ok
test arena::tests::with_capacity_pre_reserves ... ok
test exprs::tests::expr_call_constructs ... ok
test exprs::tests::expr_block_constructs ... ok
test exprs::tests::expr_if_constructs ... ok
test exprs::tests::expr_lambda_constructs ... ok
test exprs::tests::loop_kind_variants_exist ... ok
test items::tests::item_data_let_with_type_constructs ... ok
test items::tests::item_data_module_variant_constructs ... ok
test items::tests::item_data_structure_with_items_constructs ... ok
test macros::tests::fragment_kind_as_str_roundtrip ... ok
test exprs::tests::expr_match_constructs ... ok
test macros::tests::fragment_kind_from_str_expr ... ok
test macros::tests::fragment_kind_from_str_ty_variant ... ok
test macros::tests::fragment_kind_from_str_type_variant ... ok
test macros::tests::fragment_kind_from_str_unknown ... ok
test node_id::tests::index_is_zero_based ... ok
test node_id::tests::display_format ... ok
test node_id::tests::nonzero_is_accepted ... ok
test node_id::tests::ordering_matches_integer ... ok
test node_id::tests::zero_is_rejected ... ok
test patterns::tests::pat_field_constructs ... ok
test patterns::tests::pattern_binding_constructs ... ok
test patterns::tests::pattern_enum_variant_constructs ... ok
test patterns::tests::pattern_ident_constructs ... ok
test patterns::tests::pattern_literal_constructs ... ok
test patterns::tests::pattern_or_constructs ... ok
test patterns::tests::pattern_struct_constructs ... ok
test patterns::tests::pattern_tuple_constructs ... ok
test patterns::tests::pattern_wildcard_constructs ... ok
test pretty::tests::print_expr_path ... ok
test pretty::tests::print_module_with_body ... ok
test pretty::tests::print_non_item_node ... ok
test pretty::tests::print_out_of_range_id ... ok
test pretty::tests::print_pattern_wildcard ... ok
test pretty::tests::print_stmt_expr ... ok
test pretty::tests::print_type_name ... ok
test reflect::tests::quote_ast_snapshot ... ok
test reflect::tests::serialized_term_round_trip_path ... ok
test reflect::tests::serialized_term_round_trip_quote ... ok
test reflect::tests::term_head_for_quote_node ... ok
test reflect::tests::term_children_for_infix ... ok
test reflect::tests::walk_expr_dispatches_quote_and_antiquote ... ok
test stmts::tests::stmt_instruction_constructs ... ok
test stmts::tests::stmt_let_constructs ... ok
test stmts::tests::stmt_return_no_value_constructs ... ok
test stmts::tests::stmt_return_constructs ... ok
test stmts::tests::stmt_expr_constructs ... ok
test types::tests::linclass_variants_exist ... ok
test types::tests::type_arrow_constructs ... ok
test types::tests::type_linear_class_constructs ... ok
test types::tests::type_effect_row_constructs ... ok
test types::tests::type_name_constructs ... ok
test visit::tests::visit_module_dispatches ... ok
test types::tests::type_tuple_constructs ... ok
test visit::tests::visit_non_item_is_no_op ... ok
test visit::tests::walk_expr_dispatches ... ok
test visit::tests::walk_item_ignores_out_of_range_ids ... ok
test visit::tests::walk_pattern_dispatches ... ok
test visit::tests::walk_stmt_dispatches ... ok
test visit::tests::walk_type_dispatches ... ok
test arena::tests::one_million_allocs_completes ... ok

test result: ok. 75 passed; 0 failed; 0 ignored; 0 measured; 0 filtered out; finished in 0.20s

     Running tests/expr_integration.rs (target/debug/deps/expr_integration-00fc1f941ad8a6fb)

running 3 tests
test build_and_walk_type_and_pattern ... ok
test complex_expression_with_loop ... ok
test build_and_walk_simple_expression_tree ... ok

test result: ok. 3 passed; 0 failed; 0 ignored; 0 measured; 0 filtered out; finished in 0.00s

     Running tests/items_integration.rs (target/debug/deps/items_integration-ca9ff6b8d2feb489)

running 3 tests
test effect_with_operations ... ok
test build_and_walk_full_module_tree ... ok
test functor_with_parameters ... ok

test result: ok. 3 passed; 0 failed; 0 ignored; 0 measured; 0 filtered out; finished in 0.00s

     Running unittests src/lib.rs (target/debug/deps/paideia_as_diagnostics-5f72cfdff3cf51d1)

running 54 tests
test builder::tests::builder_produces_e0001_full ... ok
test builder::tests::secondary_spans_accumulate ... ok
test builder::tests::default_message_empty_and_summary ... ok
test builder::tests::severity_inherited_from_constructor ... ok
test builder::tests::serde_round_trip ... ok
test builder::tests::summary_format ... ok
test builder::tests::default_payload_is_null ... ok
test catalog::tests::load_rejects_category_mismatch ... ok
test catalog::tests::load_rejects_invalid_code_key ... ok
test catalog::tests::embedded_catalog_non_empty ... ok
test catalog::tests::e0001_fields ... ok
test catalog::tests::iter_is_sorted ... ok
test catalog::tests::lookup_canonical_form ... ok
test catalog::tests::embedded_contains_e0001_through_e0018 ... ok
test catalog::tests::lookup_invalid_string_returns_none ... ok
test catalog::tests::lookup_shorthand_matches_canonical ... ok
test catalog::tests::lookup_unknown_returns_none ... ok
test catalog::tests::version_present ... ok
test code::tests::category_range_invariants ... ok
test code::tests::display_canonical ... ok
test code::tests::display_other_categories ... ok
test code::tests::new_rejects_out_of_range ... ok
test code::tests::parse_rejects_gaps ... ok
test code::tests::parse_rejects_lowercase ... ok
test code::tests::parse_rejects_out_of_range ... ok
test code::tests::parse_canonical ... ok
test code::tests::parse_rejects_overlong ... ok
test code::tests::parse_rejects_too_short ... ok
test code::tests::parse_rejects_unknown_category ... ok
test code::tests::parse_shorthand ... ok
test code::tests::parse_shorthand_out_of_range ... ok
test code::tests::parsed_severity_is_always_error ... ok
test catalog::tests::load_from_path_roundtrip ... ok
test code::tests::serde_round_trip ... ok
test source_map::tests::byte_to_line_col_ascii ... ok
test source_map::tests::add_file_returns_sequential_ids ... ok
test source_map::tests::byte_to_line_col_empty_content ... ok
test source_map::tests::byte_to_line_col_end_of_file ... ok
test source_map::tests::byte_to_line_col_mid_codepoint_rounds_down ... ok
test source_map::tests::byte_to_line_col_out_of_range_returns_none ... ok
test source_map::tests::byte_to_line_col_unknown_file_returns_none ... ok
test source_map::tests::byte_to_line_col_utf8_kanji ... ok
test source_map::tests::path_content_accessors ... ok
test source_map::tests::round_trip_span_to_linecol ... ok
test span::tests::byte_end_simple ... ok
test span::tests::file_id_display ... ok
test span::tests::file_id_one_accepted ... ok
test span::tests::file_id_zero_rejected ... ok
test span::tests::merge_commutative ... ok
test span::tests::merge_disjoint_covers_gap ... ok
test span::tests::merge_cross_file_panics - should panic ... ok
test span::tests::merge_idempotent ... ok
test span::tests::span_is_copy ... ok
test span::tests::span_size_is_12 ... ok

test result: ok. 54 passed; 0 failed; 0 ignored; 0 measured; 0 filtered out; finished in 0.01s

     Running tests/m0307_retired.rs (target/debug/deps/m0307_retired-e7a702a303825eb4)

running 2 tests
test m0307_is_marked_deprecated_in_catalog ... ok
test m0307_is_not_emitted_anywhere_in_the_workspace ... ok

test result: ok. 2 passed; 0 failed; 0 ignored; 0 measured; 0 filtered out; finished in 0.03s

     Running tests/proptest_codes.rs (target/debug/deps/proptest_codes-0c880350216b8632)

running 2 tests
test prop_display_parse_roundtrip ... ok
test proptest_display_parse_roundtrip_10k ... ok

test result: ok. 2 passed; 0 failed; 0 ignored; 0 measured; 0 filtered out; finished in 0.05s

     Running tests/render_human.rs (target/debug/deps/render_human-4b8184378c4b3654)

running 5 tests
test multibyte_caret_alignment ... ok
test no_primary_span_falls_back_to_summary ... ok
test synthetic_e0001_color_off ... ok
test secondary_span_different_line ... ok
test synthetic_e0001_color_on ... ok

test result: ok. 5 passed; 0 failed; 0 ignored; 0 measured; 0 filtered out; finished in 0.09s

     Running tests/sarif.rs (target/debug/deps/sarif-a21862fdc557a063)

running 7 tests
test suggested_fix_serialized ... ok
test empty_diagnostics_produces_valid_sarif ... ok
test single_e0001_diagnostic ... ok
test severity_mapping_collapses_hint_and_lint_to_note ... ok
test multi_diagnostic_single_run ... ok
test secondary_span_yields_related_location ... ok
test snapshot_multi_diagnostic ... ok

test result: ok. 7 passed; 0 failed; 0 ignored; 0 measured; 0 filtered out; finished in 0.19s

     Running tests/sink.rs (target/debug/deps/sink-6e892a5353bf6867)

running 10 tests
test bail_policy_check_semantics ... ok
test human_sink_no_primary_span_writes_summary_only ... ok
test human_sink_writes_to_writer ... ok
test multi_sink_overflow_in_inner_returns_err_but_others_continue ... ok
test multi_sink_fans_out ... ok
test vec_sink_overflow_at_error_cap_plus_1 ... ok
test vec_sink_orders ... ok
test vec_sink_warnings_do_not_count ... ok
test multi_sink_with_human_and_sarif ... ok
test sarif_sink_finish_writes_complete_json ... ok

test result: ok. 10 passed; 0 failed; 0 ignored; 0 measured; 0 filtered out; finished in 0.00s

     Running unittests src/lib.rs (target/debug/deps/paideia_as_dwarf-4c13e37a71646f56)

running 11 tests
test info::tests::build_cu_with_multiple_functions ... ok
test info::tests::build_cu_with_one_function ... ok
test info::tests::build_cu_with_zero_functions ... ok
test info::tests::subprogram_low_high_pc_set ... ok
test line::tests::build_line_program_with_three_entries ... ok
test line::tests::build_line_program_with_zero_entries ... ok
test line::tests::line_entry_clone ... ok
test vendor::tests::empty_vendor_payloads_are_zero_length ... ok
test vendor::tests::vendor_section_names_match_emitter_elf ... ok
test vendor::tests::vendor_sections_have_expected_names ... ok
test vendor::tests::vendor_sections_contain_three_paideia_names ... ok

test result: ok. 11 passed; 0 failed; 0 ignored; 0 measured; 0 filtered out; finished in 0.00s

     Running unittests src/lib.rs (target/debug/deps/paideia_as_e2e-1d0d82e2c08452b8)

running 0 tests

test result: ok. 0 passed; 0 failed; 0 ignored; 0 measured; 0 filtered out; finished in 0.00s

     Running tests/example_driver.rs (target/debug/deps/example_driver-58be70aca21a1479)

running 2 tests
test example_driver_is_a_valid_fixture ... ok
test example_driver_builds_to_valid_elf64 ... ok

test result: ok. 2 passed; 0 failed; 0 ignored; 0 measured; 0 filtered out; finished in 0.40s

     Running unittests src/lib.rs (target/debug/deps/paideia_as_effects-932c6ed45f536b8d)

running 43 tests
test intern::tests::distinct_rows_get_distinct_ids ... ok
test intern::tests::equal_rows_share_id ... ok
test intern::tests::fresh_row_var_count_tracks_allocations ... ok
test intern::tests::empty_is_canonical ... ok
test intern::tests::fresh_row_var_ids_are_monotonic ... ok
test intern::tests::fresh_row_var_returns_distinct_ids ... ok
test registry::tests::effects_iter_is_id_sorted ... ok
test registry::tests::declare_and_lookup_op ... ok
test registry::tests::empty_op_list_does_not_panic ... ok
test registry::tests::intern_effect_is_idempotent ... ok
test registry::tests::lookup_unknown_returns_none ... ok
test registry::tests::redeclaration_with_different_op_set_emits_f1101 ... ok
test registry::tests::macro_effect_row_contains_diag_elab_freshname ... ok
test row::tests::empty_row_is_empty ... ok
test registry::tests::redeclaration_with_same_op_set_no_diagnostic ... ok
test row::tests::is_closed_on_empty_row ... ok
test registry::tests::register_macro_effects_idempotent ... ok
test row::tests::is_not_subset_of_ipc_in_io ... ok
test row::tests::is_closed_on_open_row ... ok
test row::tests::is_closed_on_closed_row ... ok
test row::tests::is_subset_of_io_in_io_ipc ... ok
test row::tests::from_ids_sorts_and_dedups ... ok
test row::tests::union_closed_with_closed_is_closed ... ok
test row::tests::union_closed_with_open_is_open ... ok
test row::tests::union_open_with_closed_is_open ... ok
test unify::tests::closed_disagrees_emits_mismatch ... ok
test row::tests::union_merges_and_sorts ... ok
test unify::tests::closed_unifies_with_closed_when_same ... ok
test unify::tests::open_unifies_with_closed_binds_tail ... ok
test row::tests::union_open_with_open_picks_left_tail ... ok
test unify::tests::row_diff_renders_addition ... ok
test unify::tests::row_diff_renders_both ... ok
test unify::tests::row_diff_lex_sorted ... ok
test unify::tests::row_diff_renders_removal ... ok
test unify::tests::open_unifies_with_open_substitutes_one_tail ... ok
test unify::tests::row_diff_renders_with_tail_addition ... ok
test unify::tests::row_diff_with_name_resolver ... ok
test unify::tests::row_diff_renders_with_tail_change ... ok
test unify::tests::unify_closed_equal_rows ... ok
test unify::tests::row_unification_idempotent_under_self ... ok
test unify::tests::unify_closed_mismatch_rows ... ok
test unify::tests::unify_empty_with_empty ... ok
test unify::tests::unify_row_variable_e1_with_concrete_extra ... ok

test result: ok. 43 passed; 0 failed; 0 ignored; 0 measured; 0 filtered out; finished in 0.01s

     Running tests/proptest_unify.rs (target/debug/deps/proptest_unify-a6d901eab441e4c9)

running 2 tests
test unify_is_idempotent ... ok
test unify_is_commutative ... ok

test result: ok. 2 passed; 0 failed; 0 ignored; 0 measured; 0 filtered out; finished in 0.00s

     Running unittests src/lib.rs (target/debug/deps/paideia_as_elaborator-3156dfab8effdd15)

running 258 tests
test branch_merge::tests::affine_disagreement_is_not_an_error ... ok
test branch_merge::tests::arm_only_symbols_are_dropped_from_join ... ok
test branch_merge::tests::empty_arms_list_returns_empty_result ... ok
test branch_merge::tests::linear_used_in_both_branches_joins_clean ... ok
test branch_merge::tests::linear_used_in_one_branch_only_emits_s0906 ... ok
test branch_merge::tests::match_with_three_arms_uniformly_consumes ... ok
test branch_merge::tests::nested_if_composes_via_pre_join ... ok
test branch_merge::tests::ordered_disagreement_emits_s0906_like_linear ... ok
test branch_merge::tests::unrestricted_disagreement_is_not_an_error ... ok
test cap_infer::tests::body_uses_subset_of_declared_passes ... ok
test cap_infer::tests::body_uses_multiple_unauthorized_caps_emits_one_each ... ok
test cap_infer::tests::compose_caps_unions ... ok
test cap_infer::tests::body_uses_unauthorized_cap_emits_c1300 ... ok
test cap_infer::tests::empty_declared_with_required_emits_one_each ... ok
test cap_walker::tests::walker_cap_stack_restored_across_lambdas ... ok
test cap_walker::tests::walker_c1300_lists_each_missing_cap ... ok
test cap_walker::tests::walker_empty_module_no_diagnostics ... ok
test cap_infer::tests::empty_required_passes_regardless ... ok
test cap_walker::tests::walker_no_c1300_when_caps_held ... ok
test cap_walker::tests::walker_emits_c1300_on_missing_capability ... ok
test capture::tests::captures_sorted_by_symbol_for_determinism ... ok
test capture::tests::consume_detected_when_use_count_grows ... ok
test cap_infer::tests::over_declaration_is_permissible ... ok
test capture::tests::reference_for_linear_when_no_use_growth ... ok
test capture::tests::value_for_affine_when_no_use_growth ... ok
test cap_walker::tests::walker_over_declaration_no_c1300 ... ok
test check_expr::tests::check_annotation_matching_types_no_diagnostic ... ok
test capture::tests::value_for_unrestricted_when_no_use_growth ... ok
test check_expr::tests::check_annotation_mismatch_emits_t0501 ... ok
test check_expr::tests::check_annotation_named_string_vs_u64 ... ok
test check_expr::tests::check_annotation_term_unifies ... ok
test check_expr::tests::check_annotation_term_vs_int_mismatch ... ok
test check_expr::tests::infer_let_binds_in_env ... ok
test check_expr::tests::infer_literal_returns_fresh_var ... ok
test check_expr::tests::infer_var_bound_returns_binding ... ok
test check_expr::tests::infer_var_unbound_emits_t0501 ... ok
test check_expr::tests::term_type_displays_as_term ... ok
test check_expr::tests::term_type_has_stable_id ... ok
test check_handler::tests::complete_handler_passes ... ok
test check_handler::tests::empty_handler_for_non_empty_effect_emits_one_per_op ... ok
test check_handler::tests::extra_impl_emits_f1101 ... ok
test check_handler::tests::installation_polymorphic_handler_against_closed_caller ... ok
test check_handler::tests::installation_polymorphic_handler_for_net_against_polymorphic_caller ... ok
test check_handler::tests::installation_polymorphic_handler_missing_op_emits_f1101 ... ok
test check_handler::tests::missing_op_emits_f1101 ... ok
test check_handler::tests::resume_matches_op_return_clean ... ok
test check_handler::tests::resume_mismatch_emits_f1101 ... ok
test check_handler::tests::signature_mismatch_emits_f1101 ... ok
test check_lambda::tests::affine_closure_consumes_linear_ok ... ok
test check_lambda::tests::consume_of_unrestricted_no_error ... ok
test check_lambda::tests::consume_of_ordered_treated_like_linear ... ok
test check_lambda::tests::linear_closure_consumes_linear_ok ... ok
test check_lambda::tests::unrestricted_closure_consumes_linear_emits_s0907 ... ok
test check_lambda::tests::unrestricted_closure_references_linear_ok ... ok
test check_lambda::tests::unrestricted_closure_with_value_capture_ok ... ok
test check_linearity::tests::affine_unused_passes ... ok
test check_linearity::tests::affine_used_once_passes ... ok
test check_linearity::tests::affine_used_twice_emits_s0901 ... ok
test check_linearity::tests::linear_unused_emits_s0900 ... ok
test check_linearity::tests::block_scope_push_pop_balanced ... ok
test check_linearity::tests::linear_used_once_passes ... ok
test check_linearity::tests::linear_used_twice_emits_s0901 ... ok
test check_linearity::tests::multiple_bindings_in_scope ... ok
test check_linearity::tests::multiple_violations_sorted_by_span ... ok
test check_linearity::tests::ordered_unused_emits_s0900 ... ok
test check_linearity::tests::ordered_used_once_passes ... ok
test check_linearity::tests::ordered_used_twice_emits_s0901 ... ok
test check_linearity::tests::unrestricted_unused_passes ... ok
test check_linearity::tests::unrestricted_used_arbitrarily_passes ... ok
test check_linearity::tests::walker_emits_s0900_on_never_used_linear ... ok
test check_linearity::tests::walker_emits_s0901_on_double_use_of_linear_binding_in_tree ... ok
test check_linearity::tests::walker_emits_s0901_on_double_use_of_linear_via_id_proxy ... ok
test check_linearity::tests::walker_emits_s0903_on_out_of_order_ordered_use ... ok
test check_linearity::tests::walker_emits_s0907_on_illegal_linear_capture ... ok
test check_linearity::tests::walker_handles_unrestricted_class ... ok
test check_linearity::tests::walker_lambda_allows_capture_of_unrestricted ... ok
test check_linearity::tests::walker_lambda_with_no_capture_no_diagnostics ... ok
test check_ordered::tests::empty_log_use_is_silently_dropped ... ok
test check_linearity::tests::walker_post_visit_validates_scope ... ok
test check_ordered::tests::in_order_use_passes ... ok
test check_ordered::tests::out_of_order_marks_entry_consumed_for_subsequent_check ... ok
test check_ordered::tests::out_of_order_use_emits_s0903 ... ok
test check_ordered::tests::three_bindings_skip_middle_emits_s0903 ... ok
test check_ordered::tests::redeclaration_appends_new_entry ... ok
test check_pure::tests::empty_row_in_pure_context_passes ... ok
test check_pure::tests::non_empty_row_emits_f1106_per_effect ... ok
test effect_infer::tests::call_passes_through_callee_row ... ok
test check_pure::tests::tail_variable_alone_is_silent ... ok
test effect_infer::tests::check_no_unhandled_emits_f1100_per_effect ... ok
test effect_infer::tests::check_no_unhandled_empty_row_is_clean ... ok
test effect_infer::tests::check_no_unhandled_ignores_tail_variable ... ok
test effect_infer::tests::check_no_unhandled_diagnostic_message ... ok
test effect_infer::tests::compose_rows_idempotent ... ok
test effect_infer::tests::compose_rows_with_tail_preference ... ok
test effect_infer::tests::generalize_already_open_row_unchanged ... ok
test effect_infer::tests::compose_rows_unions ... ok
test effect_infer::tests::generalize_explicitly_pure_unchanged ... ok
test effect_infer::tests::generalize_uses_unique_id_per_call ... ok
test effect_infer::tests::handle_preserves_tail_variable ... ok
test effect_infer::tests::generalize_closed_row_attaches_fresh_tail ... ok
test effect_infer::tests::handle_removes_singleton_effect ... ok
test effect_infer::tests::handle_row_maintains_sorted_order ... ok
test effect_infer::tests::handle_unrelated_effect_is_noop ... ok
test effect_infer::tests::let_gen_scope_bind_then_in_scope ... ok
test effect_infer::tests::let_gen_scope_leave_returns_bound_set ... ok
test effect_infer::tests::let_gen_scope_nested_frames_in_scope ... ok
test effect_infer::tests::let_gen_scope_out_of_scope_after_leave ... ok
test effect_infer::tests::perform_contributes_singleton_row ... ok
test effect_infer::tests::perform_then_handle_round_trip ... ok
test effect_infer::tests::out_of_scope_row_var_diag_emits_t0510 ... ok
test effect_unify::tests::body_with_extra_effect_emits_f1105 ... ok
test effect_infer::tests::handle_removes_one_effect ... ok
test effect_unify::tests::closed_caller_with_closed_callee_no_substitution ... ok
test effect_unify::tests::body_within_declared_row_unifies_cleanly ... ok
test effect_unify::tests::empty_inner_required_is_clean ... ok
test effect_unify::tests::handler_order_emits_one_diagnostic_per_missing_effect ... ok
test effect_unify::tests::f1105_diagnostic_message_contains_diff_rendering ... ok
test effect_unify::tests::handler_order_outer_handles_required_is_clean ... ok
test effect_unify::tests::instantiate_fresh_tail_on_closed_row_is_a_noop ... ok
test effect_unify::tests::handler_order_missing_outer_dependency_emits_f1102 ... ok
test effect_unify::tests::instantiate_fresh_tail_replaces_only_tail_var ... ok
test effect_unify::tests::instantiates_against_caller_with_extra_effects ... ok
test effect_unify::tests::instantiates_and_unifies_polymorphic_callee_against_monomorphic_caller ... ok
test effect_unify::tests::monomorphic_call_to_polymorphic_yields_f1105_with_diff ... ok
test effect_unify::tests::row_polymorphic_instantiation_at_call_site ... ok
test effect_walker::tests::walker_emits_f1100_on_unhandled_perform_at_top ... ok
test effect_walker::tests::walker_compose_rows_through_nested_perform ... ok
test effect_walker::tests::walker_emits_f1101_on_handler_missing_op ... ok
test effect_walker::tests::walker_emits_f1102_on_handler_installation_order ... ok
test effect_walker::tests::walker_emits_f1106_on_pure_context_with_effect ... ok
test effect_walker::tests::walker_emits_f1105_on_call_row_mismatch ... ok
test effect_walker::tests::walker_empty_module_no_diagnostics ... ok
test effect_walker::tests::walker_handle_subtracts_effect ... ok
test effect_walker::tests::walker_instantiates_fresh_tail_at_each_call_site ... ok
test effect_walker::tests::walker_no_diagnostics_on_clean_handled_program ... ok
test effect_walker::tests::walker_no_f1101_on_matching_handler ... ok
test effect_walker::tests::walker_no_f1106_on_impure_context_with_effect ... ok
test effect_walker::tests::walker_no_f1106_on_pure_context_no_effects ... ok
test effect_walker::tests::walker_pure_lambda_nested_in_handle ... ok
test elab_builtin::tests::elab_call_site_span_is_passed_through ... ok
test elab_builtin::tests::elab_on_non_term_value_emits_diagnostic ... ok
test elab_builtin::tests::elab_on_literal_returns_term_with_cached_type ... ok
test elab_builtin::tests::elab_populates_cache_idempotently ... ok
test env::tests::bind_shadows_outer ... ok
test env::tests::enter_leave_scope_stack ... ok
test hygiene::tests::argument_passed_through_retains_use_site_context ... ok
test env::tests::lookup_in_innermost_scope ... ok
test hygiene::tests::fresh_tag_displays_with_m_prefix ... ok
test hygiene::tests::fresh_tags_are_distinct ... ok
test hygiene::tests::hygiene_cache_later_insertions_win_on_merge ... ok
test env::tests::outer_scope_visible ... ok
test hygiene::tests::hygiene_cache_merge_combines_tables ... ok
test hygiene::tests::hygiene_cache_records_splice_introduced_identifier ... ok
test hygiene::tests::macro_introduced_temp_distinct_from_use_site_temp ... ok
test hygiene::tests::nested_macros_accumulate_tags ... ok
test hygiene::tests::phase1_hygiene_corpus_still_passes ... ok
test hygiene::tests::tag_order_does_not_affect_equality ... ok
test hygiene::tests::unmarked_equality_by_spelling ... ok
test hygiene::tests::with_tag_is_idempotent_on_same_tag ... ok
test linearity_ctx::tests::bind_in_innermost_scope ... ok
test linearity_ctx::tests::enter_scope_increases_depth ... ok
test linearity_ctx::tests::nested_scope_use_visible ... ok
test linearity_ctx::tests::new_has_root_scope ... ok
test linearity_ctx::tests::shadowing_in_inner_scope ... ok
test linearity_ctx::tests::scope_stack_underflow_panics_on_leave_alone - should panic ... ok
test linearity_ctx::tests::use_increments_count ... ok
test linearity_ctx::tests::use_returns_false_for_unbound ... ok
test lower::tests::ast_to_ir_mapping_is_complete ... ok
test lower::tests::lower_does_not_panic_on_arena ... ok
test lower::tests::lower_empty_arena ... ok
test lower::tests::lower_let_plus ... ok
test lower::tests::lower_mapping_is_correct_bijection ... ok
test lower::tests::lower_preserves_default_lin_class_and_effect_row ... ok
test lower::tests::lower_preserves_kind_count ... ok
test lower::tests::lower_single_placeholder ... ok
test lower::tests::lower_span_preservation ... ok
test lower::tests::lower_stable_indexing ... ok
test macro_expand::tests::check_macro_effect_row_ignores_tail_variable ... ok
test macro_expand::tests::check_macro_effect_row_permits_empty_row ... ok
test macro_expand::tests::check_macro_effect_row_permits_subset ... ok
test macro_expand::tests::expand_reflective_checks_macro_effect_row_io_violation ... ignored
test macro_expand::tests::check_macro_effect_row_rejects_extra_effect ... ok
test macro_expand::tests::expand_reflective_quoted_literal ... ok
test macro_expand::tests::expand_reflective_respects_max_depth ... ok
test macro_expand::tests::expand_reflective_respects_max_depth_over_macro_check ... ok
test macro_expand::tests::expand_reflective_returns_diagnostic_on_non_term_result ... ok
test macro_expand::tests::expand_reflective_with_arg_binding ... ok
test macro_expand::tests::expand_reflective_wraps_evaluator_errors ... ok
test macro_expand::tests::expand_template_still_works ... ok
test macro_expand::tests::lone_dollar_passes_through ... ok
test macro_expand::tests::multi_char_metavariable_name ... ok
test macro_expand::tests::no_substitution_when_no_dollars ... ok
test macro_expand::tests::recursion_limit_check_overflow_emits_m0311 ... ok
test macro_expand::tests::recursion_limit_check_within_limit_passes ... ok
test macro_expand::tests::simple_substitution ... ok
test macro_expand::tests::unbound_metavariable_emits_m0309 ... ok
test macro_expand::tests::unbound_reported_once_per_unique_name ... ok
test macro_expand::tests::unicode_in_captured_text ... ok
test macro_expand::tests::with_handler_macro_expansion_shape ... ok
test macro_match::tests::first_match_wins_across_rules ... ok
test macro_match::tests::ident_kind_accepts_simple_ident ... ok
test macro_match::tests::ident_kind_rejects_complex_expression ... ok
test macro_match::tests::match_invocation_dispatches_across_two_rules ... ok
test macro_match::tests::matches_repetition_into_one_binding ... ok
test macro_match::tests::matches_simple_expr_fragment ... ok
test macro_match::tests::no_matching_rule_emits_m0308 ... ok
test macro_match::tests::rejects_let_stmt_against_expr_fragment ... ok
test macro_match::tests::two_fragment_pattern_matches_two_args ... ok
test placeholder_emit::tests::placeholder_changes_with_different_ir ... ok
test placeholder_emit::tests::placeholder_has_header_and_hash ... ok
test placeholder_emit::tests::placeholder_is_deterministic ... ok
test reflect_api::tests::children_of_app_returns_callee_plus_args ... ok
test reflect_api::tests::kind_of_literal_is_literal ... ok
test reflect_api::tests::snapshot_of_introspected_term ... ok
test reflect_api::tests::span_returns_correct_byte_range ... ok
test reflect_api::tests::type_cache_multiple_entries ... ok
test reflect_api::tests::type_of_returns_none_when_uncached ... ok
test reflect_api::tests::type_of_returns_some_when_cached ... ok
test resolve::tests::bind_and_lookup_unmarked ... ok
test resolve::tests::inner_scope_shadows_outer ... ok
test resolve::tests::lookup_distinguishes_macro_introduced_temp_from_caller_temp_in_splice ... ok
test resolve::tests::lookup_returns_none_for_missing_name ... ok
test resolve::tests::macro_arg_passes_through_to_outer_binding ... ok
test resolve::tests::macro_introduced_temp_does_not_shadow_use_site_temp ... ok
test resolve::tests::macro_template_introduced_println_is_unresolved_if_use_site_missing ... ok
test splice::tests::splice_preserves_term_structure ... ok
test splice::tests::splice_with_hygiene_errors_on_non_term ... ok
test splice::tests::splice_with_hygiene_leaves_antiquoted_identifier_untagged ... ok
test splice::tests::splice_with_hygiene_tags_introduced_identifier_in_path ... ok
test splice::tests::splice_with_hygiene_uses_fresh_tag_per_expansion ... ok
test splice::tests::splice_with_type_check_fails_with_t0506 ... ok
test splice::tests::splice_with_type_check_uncached_type_still_splices ... ok
test splice::tests::splice_with_type_check_passes_when_types_match ... ok
test splice::tests::splice_with_wrong_value_kind_bool_errors ... ok
test splice::tests::splice_with_wrong_value_kind_errors ... ok
test splice::tests::splices_quoted_arithmetic ... ok
test splice::tests::splices_quoted_literal ... ok
test term_eval::tests::eval_consumes_fuel_per_step ... ok
test term_eval::tests::eval_depth_limit_emits_m0311 ... ok
test term_eval::tests::eval_diagnostic_distinguishes_fuel_vs_depth ... ok
test term_eval::tests::eval_exhausts_fuel_emits_m0311 ... ok
test term_eval::tests::eval_with_limits_passes_within_budget ... ok
test term_eval::tests::evals_children_builtin_call ... ok
test term_eval::tests::evals_elab_call ... ok
test term_eval::tests::evals_equality_comparison ... ok
test term_eval::tests::evals_if_true_branch ... ok
test term_eval::tests::evals_int_addition ... ok
test term_eval::tests::evals_if_false_branch ... ok
test term_eval::tests::evals_int_literal ... ok
test term_eval::tests::evals_int_multiplication ... ok
test term_eval::tests::evals_int_subtraction ... ok
test term_eval::tests::evals_kind_builtin_call ... ok
test term_eval::tests::evals_match_on_term_head ... ok
test term_eval::tests::evals_let_binding ... ok
test term_eval::tests::evals_span_builtin_call ... ok
test term_eval::tests::evals_splice_call ... ok
test term_eval::tests::evals_type_mismatch_emits_diagnostic ... ok
test term_eval::tests::evals_undefined_identifier_emits_diagnostic ... ok

test result: ok. 257 passed; 0 failed; 1 ignored; 0 measured; 0 filtered out; finished in 0.03s

     Running unittests src/lib.rs (target/debug/deps/paideia_as_emitter_elf-0de66111ad1c941b)

running 94 tests
test encode::tests::add_r10_r12 ... ok
test encode::tests::add_rcx_rdx ... ok
test encode::tests::cmp_r9_r14 ... ok
test encode::tests::call_rel32_encode ... ok
test encode::tests::cmp_rsi_rdi ... ok
test encode::tests::code_buffer_len ... ok
test encode::tests::je_rel32_neg10 ... ok
test encode::tests::jge_rel32 ... ok
test encode::tests::jgt_rel32 ... ok
test encode::tests::jle_rel32 ... ok
test encode::tests::jmp_rel32_neg5 ... ok
test encode::tests::jlt_rel32 ... ok
test encode::tests::jmp_rel8_backward ... ok
test encode::tests::jne_rel32 ... ok
test encode::tests::jmp_rel8_short ... ok
test encode::tests::mov_mem_rbp_disp0_reg64 ... ok
test encode::tests::mov_mem_rbp_minus_128_rsi ... ok
test encode::tests::mov_mem_rbp_minus_8_rbx ... ok
test encode::tests::mov_reg64_imm64_large ... ok
test encode::tests::mov_rcx_imm32_42 ... ok
test encode::tests::mov_rax_1 ... ok
test encode::tests::mov_reg64_mem_rbp_disp32_r11 ... ok
test encode::tests::mov_mem_rbp_disp32_reg64 ... ok
test encode::tests::mov_reg64_mem_rbp_disp8_rdx ... ok
test encode::tests::mov_reg64_imm64_r9 ... ok
test encode::tests::mov_reg64_reg64_rax_rbx ... ok
test encode::tests::mov_reg64_mem_rbp_disp8_rdi ... ok
test encode::tests::push_r12_pop_r12 ... ok
test encode::tests::push_rbp_pop_rbp ... ok
test encode::tests::mov_reg64_reg64_r8_r15 ... ok
test encode::tests::ret_then_jmp ... ok
test encode::tests::push_rax_pop_rax ... ok
test encode::tests::sub_rdx_rax ... ok
test encode::tests::push_r15_pop_r15 ... ok
test encode::tests::test_rbx_rbx ... ok
test encode::tests::ret_byte ... ok
test encode::tests::sub_r8_rax ... ok
test encode::tests::test_r11_r13 ... ok
test encode::tests::xor_rax_rax ... ok
test encode::tests::xor_r15_r15 ... ok
test handler::tests::handler_close_pops_r15 ... ok
test handler::tests::handler_open_pushes_r15_and_moves_new_env ... ok
test handler::tests::handler_open_then_close_is_symmetric ... ok
test handler::tests::handler_chain_opens_handler ... ok
test handler::tests::handler_open_with_different_source_registers ... ok
test lower::tests::handler_call_offset_0_uses_disp8 ... ok
test lower::tests::add_one_lowers_to_lea_plus_ret ... ok
test lower::tests::handler_call_offset_16_uses_disp8 ... ok
test lower::tests::handler_call_offset_300_uses_disp32 ... ok
test lower::tests::large_literal_uses_imm64_form ... ok
test lower::tests::lea_rax_rdi_disp_0_uses_mod00 ... ok
test lower::tests::lea_rax_rdi_disp_large_uses_disp32 ... ok
test lower::tests::lower_app_ret_emits_c3 ... ok
test lower::tests::lower_body_add_immediate_matches_lower_add_one ... ok
test lower::tests::lower_app_unknown_emits_nop ... ok
test lower::tests::lower_body_handler_call_matches_lower_handler_call ... ok
test lower::tests::lower_ir_to_bytes_emits_multiple_bodies ... ok
test lower::tests::small_literal_uses_imm32_form ... ok
test prologue::tests::aligned_local_size_rounds_up_to_16 ... ok
test prologue::tests::empty_frame_epilogue_is_just_mov_pop ... ok
test prologue::tests::empty_frame_prologue_is_just_push_mov ... ok
test prologue::tests::epilogue_restores_in_reverse_order ... ok
test prologue::tests::epilogue_restores_r15_when_listed_as_callee_saved ... ok
test prologue::tests::frame_8_kib_triggers_stack_probe ... ok
test prologue::tests::leaf_function_skips_push_rbp ... ok
test prologue::tests::leaf_with_saved_regs_pushes_them ... ok
test prologue::tests::prologue_64_bytes_locals_and_r12 ... ok
test prologue::tests::prologue_saves_r15_when_listed_as_callee_saved ... ok
test prologue::tests::save_offsets_start_at_minus_16 ... ok
test relocs::tests::call_helper_accepts_string_like ... ok
test relocs::tests::call_helper_uses_pc32_with_addend_minus_4 ... ok
test relocs::tests::data64_helper_accepts_string_like ... ok
test relocs::tests::data64_helper_uses_abs64_with_zero_addend ... ok
test sections::tests::all_sections_is_union ... ok
test sections::tests::paideia_sections_present ... ok
test sections::tests::standard_sections_present ... ok
test symtab::tests::data_helper_constructs_data_symbol ... ok
test symtab::tests::func_helper_constructs_global_symbol ... ok
test symtab::tests::symbol_kinds_map_to_object_kinds ... ok
test symtab::tests::undefined_helper_has_no_offset ... ok
test sysv_bridge::tests::prologue_and_epilogue_lengths ... ok
test sysv_bridge::tests::sysv_bridge_epilogue_pops_r15 ... ok
test sysv_bridge::tests::sysv_bridge_prologue_pushes_r15 ... ok
test sysv_bridge::tests::sysv_bridge_round_trip ... ok
test writer::tests::finalize_can_be_parsed_back ... ok
test writer::tests::finalize_produces_valid_elf_bytes ... ok
test writer::tests::new_x86_64_relocatable_constructs ... ok
test writer::tests::section_count_matches ... ok
test writer::tests::writer_accepts_a_pc32_call_relocation ... ok
test writer::tests::writer_accepts_a_function_symbol ... ok
test writer::tests::writer_accepts_an_undefined_symbol ... ok
test writer::tests::writer_has_paideia_sections ... ok
test writer::tests::writer_has_standard_sections ... ok
test writer::tests::writer_rejects_relocation_to_unknown_symbol ... ok

test result: ok. 94 passed; 0 failed; 0 ignored; 0 measured; 0 filtered out; finished in 0.01s

     Running tests/sdm_vectors.rs (target/debug/deps/sdm_vectors-431071fa51adadba)

running 3 tests
test complex_sequence_encoding ... ok
test encode_then_iced_disassemble_round_trip ... ok
test sdm_vectors_valid_and_decodable ... ok

test result: ok. 3 passed; 0 failed; 0 ignored; 0 measured; 0 filtered out; finished in 0.00s

     Running unittests src/lib.rs (target/debug/deps/paideia_as_emitter_pax-18ad15cb70830c86)

running 64 tests
test audit::tests::empty_opt_section_roundtrips ... ok
test audit::tests::empty_lin_section_roundtrips ... ok
test audit::tests::from_bytes_rejects_truncated_opt ... ok
test audit::tests::empty_unsafe_section_roundtrips ... ok
test audit::tests::from_bytes_rejects_truncated_lin ... ok
test audit::tests::from_bytes_rejects_truncated_unsafe ... ok
test audit::tests::lin_entry_roundtrip ... ok
test audit::tests::lin_entry_size_is_32_bytes ... ok
test audit::tests::lin_schema_snapshot_byte_layout ... ok
test audit::tests::lin_section_3_entries_roundtrip ... ok
test audit::tests::lin_section_rejects_misaligned_bytes ... ok
test audit::tests::opt_section_3_entries_roundtrip ... ok
test audit::tests::opt_section_rejects_misaligned_bytes ... ok
test audit::tests::unsafe_entry_roundtrip ... ok
test audit::tests::opt_entry_size_is_32_bytes ... ok
test audit::tests::unsafe_schema_snapshot_byte_layout ... ok
test audit::tests::opt_schema_snapshot_byte_layout ... ok
test audit::tests::opt_entry_all_pass_ids_roundtrip ... ok
test audit::tests::pass_id_from_u32_all_variants ... ok
test audit::tests::unsafe_entry_size_is_40_bytes ... ok
test audit::tests::opt_entry_roundtrip ... ok
test audit::tests::unsafe_section_3_entries_roundtrip ... ok
test audit::tests::unsafe_section_rejects_misaligned_bytes ... ok
test caps::tests::cap_entry_size_is_32_bytes ... ok
test caps::tests::caps_section_3_entries_roundtrip ... ok
test caps::tests::empty_caps_section_roundtrips ... ok
test caps::tests::every_cap_kind_round_trips ... ok
test caps::tests::every_lin_class_round_trips ... ok
test caps::tests::every_site_kind_round_trips ... ok
test caps::tests::from_bytes_rejects_truncated_input ... ok
test caps::tests::hash_name_is_stable ... ok
test caps::tests::mmio_memcap_linear_function_param_roundtrip ... ok
test caps::tests::schema_snapshot_byte_layout ... ok
test effects::tests::closed_row_2_effects_roundtrip ... ok
test effects::tests::closed_row_empty_roundtrip ... ok
test effects::tests::empty_effects_section_roundtrips ... ok
test effects::tests::effects_section_3_entries_roundtrip ... ok
test effects::tests::entry_size_formula ... ok
test effects::tests::mixed_closed_and_open_entries_roundtrip ... ok
test effects::tests::from_bytes_rejects_truncated ... ok
test effects::tests::open_row_with_var_roundtrip ... ok
test effects::tests::schema_snapshot_byte_layout ... ok
test header::tests::architecture_x86_64_encoded_as_1 ... ok
test header::tests::flags_compose_via_bitor ... ok
test header::tests::from_bytes_rejects_short_input ... ok
test header::tests::from_bytes_rejects_bad_magic ... ok
test header::tests::new_header_has_magic_and_version ... ok
test header::tests::pax_header_size_is_96_bytes ... ok
test header::tests::snapshot_header_byte_layout ... ok
test header::tests::to_bytes_round_trips_through_from_bytes ... ok
test section::tests::section_all_types_parse_correctly ... ok
test section::tests::section_bss_constructor_sets_no_content_and_writable ... ok
test section::tests::section_data_constructor_sets_writable ... ok
test section::tests::section_code_constructor_sets_executable_flag_and_align_16 ... ok
test section::tests::section_from_bytes_rejects_invalid_type ... ok
test section::tests::section_descriptor_size_is_64_bytes ... ok
test section::tests::section_from_bytes_rejects_short_input ... ok
test section::tests::section_rodata_constructor_correct ... ok
test section::tests::section_table_3_sections_serialises_correctly ... ok
test section::tests::section_table_alignment_respects_flags ... ok
test section::tests::section_name_truncated_to_24_bytes ... ok
test section::tests::section_to_bytes_round_trips ... ok
test section::tests::snapshot_section_table_byte_layout ... ok
test section::tests::section_table_empty_is_valid ... ok

test result: ok. 64 passed; 0 failed; 0 ignored; 0 measured; 0 filtered out; finished in 0.01s

     Running unittests src/lib.rs (target/debug/deps/paideia_as_emitter_pe-cba17e6e89b094cd)

running 0 tests

test result: ok. 0 passed; 0 failed; 0 ignored; 0 measured; 0 filtered out; finished in 0.00s

     Running unittests src/lib.rs (target/debug/deps/paideia_as_ir-391f3fe4c7f96741)

running 85 tests
test anf::tests::anf_finally_clause_non_atomic_hoists ... ok
test anf::tests::anf_handler_op_body_atomic_no_hoist ... ok
test anf::tests::anf_handler_with_atomic_ops_produces_no_bindings ... ok
test anf::tests::anf_handler_op_body_non_atomic_hoists ... ok
test anf::tests::anf_idempotence_on_handler_bodies ... ok
test anf::tests::anf_is_idempotent ... ok
test anf::tests::anf_lifts_non_atomic_operands ... ok
test anf::tests::anf_normalise_handler_processes_all_ops ... ok
test anf::tests::anf_passes_atomic_operands_unchanged ... ok
test anf::tests::anf_perform_with_atomic_arg_no_hoist ... ok
test anf::tests::anf_perform_with_non_atomic_arg_hoists ... ok
test anf::tests::anf_resume_with_atomic_value_no_hoist ... ok
test anf::tests::anf_resume_normalise_single_operand ... ok
test anf::tests::anf_resume_with_non_atomic_value_hoists ... ok
test anf::tests::each_hoist_allocates_two_new_nodes ... ok
test anf::tests::order_preserved_for_multiple_hoists ... ok
test anf::tests::synthesized_let_and_var_inherit_operand_span ... ok
test anf::tests::empty_operand_list_yields_empty_rewrite ... ok
test anf::tests::var_and_literal_are_atomic ... ok
test anf::tests::anf_mixed_operands_hoists_only_non_atomic ... ok
test arena::tests::alloc_returns_increasing_ids ... ok
test anf::tests::other_kinds_are_not_atomic ... ok
test anf::tests::anf_normalise_perform_delegates_to_operands ... ok
test arena::tests::empty_module_has_no_items_children ... ok
test anf::tests::anf_normalise_handler_with_ret_and_finally ... ok
test arena::tests::app_has_callee_plus_args ... ok
test arena::tests::children_mut_allows_building_children_after_alloc ... ok
test arena::tests::get_mut_allows_elaborator_to_update_class_and_effects ... ok
test arena::tests::index_returns_node_data ... ok
test arena::tests::len_and_empty_track_state ... ok
test arena::tests::let_has_one_child ... ok
test arena::tests::module_with_items_has_item_children ... ok
test arena::tests::size_budget_assertion ... ok
test arena::tests::var_and_literal_have_no_children ... ok
test effect_rewrite::tests::classify_one_resume_is_singleshot ... ok
test effect_rewrite::tests::classify_two_resumes_is_multishot ... ok
test effect_rewrite::tests::classify_zero_resumes_is_abort ... ok
test effect_rewrite::tests::compile_deep_handler_op_multishot_path ... ok
test effect_rewrite::tests::compile_deep_handler_op_singleshot_path ... ok
test effect_rewrite::tests::different_effects_share_offset_space ... ok
test effect_rewrite::tests::first_slot_is_offset_0 ... ok
test effect_rewrite::tests::nested_with_emits_save_and_restore ... ok
test effect_rewrite::tests::handler_table_len_grows_only_on_new_slots ... ok
test effect_rewrite::tests::resume_site_table_collect_from_tree ... ok
test effect_rewrite::tests::rewrite_handler_install_trampoline_produces_app ... ok
test effect_rewrite::tests::resume_site_table_marks_and_checks ... ok
test effect_rewrite::tests::rewrite_perform_at_depth_nonzero_records_depth ... ok
test effect_rewrite::tests::rewrite_perform_at_depth_zero_matches_phase1 ... ok
test effect_rewrite::tests::rewrite_perform_panics_on_non_perform - should panic ... ok
test effect_rewrite::tests::rewrite_preserves_span ... ok
test effect_rewrite::tests::rewrite_resume_multishot_produces_app_node ... ok
test effect_rewrite::tests::rewrite_resume_singleshot_produces_app_node ... ok
test effect_rewrite::tests::second_slot_is_offset_8 ... ok
test effect_rewrite::tests::three_performs_rewrite_to_three_apps_with_distinct_offsets ... ok
test effect_rewrite::tests::unsafe_block_passes_through_unchanged ... ok
test handler_value::tests::handler_side_table_empty_by_default ... ok
test handler_value::tests::handler_info_clone_independence ... ok
test handler_value::tests::handler_side_table_get_mut_allows_mutation ... ok
test handler_value::tests::handler_side_table_insert_and_get ... ok
test effect_rewrite::tests::same_op_returns_cached_offset ... ok
test handler_value::tests::handler_side_table_round_trips_through_clone ... ok
test handler_value::tests::pretty_handler_for_2_op_handler_matches_expected ... ok
test handler_value::tests::pretty_handler_with_all_fields_populated ... ok
test handler_value::tests::walker_visits_handle_children_in_order ... ok
test node::tests::effect_row_default_is_empty ... ok
test node::tests::ir_node_data_size_within_budget ... ok
test node::tests::ir_node_id_rejects_zero ... ok
test node::tests::ir_node_id_round_trips ... ok
test node::tests::lin_class_default_is_unrestricted ... ok
test node::tests::new_node_data_defaults ... ok
test node::tests::option_ir_node_id_is_4_bytes ... ok
test node::tests::size_budget_preserved_under_48_bytes ... ok
test pretty::tests::dump_empty_arena ... ok
test pretty::tests::dump_includes_kind_and_class ... ok
test pretty::tests::dump_two_nodes_in_order ... ok
test walker::tests::walk_on_empty_module_visits_just_module ... ok
test walker::tests::walk_visits_app_callee_then_args_in_order ... ok
test walker::tests::walk_visits_each_node_exactly_once_in_acyclic_tree ... ok
test walker::tests::walk_visits_let_with_one_child_in_pre_order ... ok
test effect_rewrite::tests::pbt::pbt_compile_deep_handler_op_rewrites_every_resume_site ... ok
test walker::tests::walk_visits_single_node_once ... ok
test walker::tests::walker_forwards_diagnostics_through_sink ... ok
test walker_ctx::tests::ctx_emit_routes_to_sink ... ok
test walker::tests::walker_state_via_ctx_5_node_walk ... ok
test walker_ctx::tests::ctx_exposes_source_map ... ok

test result: ok. 85 passed; 0 failed; 0 ignored; 0 measured; 0 filtered out; finished in 0.01s

     Running unittests src/lib.rs (target/debug/deps/paideia_as_lexer-545d46f745c0d170)

running 143 tests
test glyph_table::tests::ascii_arrow_resolves ... ok
test glyph_table::tests::ascii_and_unicode_agree_on_kind ... ok
test glyph_table::tests::unknown_returns_none ... ok
test glyph_table::tests::unicode_arrow_resolves ... ok
test lex::tests::lex_bails_after_100_errors ... ok
test lex::tests::lex_recovers_from_unknown_byte ... ok
test lex::tests::lex_simple_program ... ok
test lex::tests::lex_with_trivia_preserved ... ok
test lex::tests::lex_unicode_identifier ... ok
test reserved::tests::all_reserved_words_are_reserved ... ok
test reserved::tests::lookup_matches_keyword_kind ... ok
test lex::tests::token_spans_contiguous ... ok
test scan_char::tests::ascii_char ... ok
test scan_char::tests::byte_literal ... ok
test reserved::tests::ordinary_words_are_not_reserved ... ok
test scan_char::tests::byte_with_hex_escape ... ok
test scan_char::tests::byte_unicode_escape_disallowed ... ok
test scan_char::tests::empty_char_literal ... ok
test scan_char::tests::emoji_unicode ... ok
test scan_char::tests::escape_single_quote ... ok
test scan_char::tests::hex_escape_valid ... ok
test scan_char::tests::multi_char_literal ... ok
test scan_char::tests::escape_backslash ... ok
test scan_char::tests::unicode_kanji ... ok
test scan_char::tests::surrogate_emits_e0017 ... ok
test scan_char::tests::unterminated_char ... ok
test scan_char::tests::unicode_escape ... ok
test scan_comment::tests::empty_block_is_not_doc ... ok
test scan_comment::tests::block_comment_basic ... ok
test scan_comment::tests::block_comment_spans_lines ... ok
test scan_char::tests::escape_newline ... ok
test scan_comment::tests::doc_block_comment ... ok
test scan_comment::tests::doc_line_comment ... ok
test scan_comment::tests::four_slashes_is_line_comment_not_doc ... ok
test scan_comment::tests::empty_line_comment ... ok
test scan_comment::tests::line_comment_basic ... ok
test scan_comment::tests::unterminated_block_emits_diagnostic ... ok
test scan_ident::tests::identifier_stops_at_punctuation ... ok
test scan_ident::tests::identifier_stops_at_whitespace ... ok
test scan_comment::tests::line_comment_to_eof ... ok
test scan_ident::tests::leading_digit_emits_e0012 ... ok
test scan_ident::tests::leading_underscore_identifier ... ok
test scan_ident::tests::pascal_case_identifier ... ok
test scan_ident::tests::raw_identifier_unterminated_emits_diagnostic ... ok
test scan_comment::tests::nested_looking_block_comment_is_flat ... ok
test scan_ident::tests::reserved_word_resolves_to_keyword_kind ... ok
test scan_ident::tests::raw_identifier_treats_keyword_as_ident ... ok
test scan_ident::tests::ascii_identifier ... ok
test scan_ident::tests::self_type_resolves_to_keyword ... ok
test scan_ident::tests::screaming_snake_case_identifier ... ok
test scan_ident::tests::identifier_with_trailing_digits ... ok
test scan_ident::tests::unicode_identifier_kanji ... ok
test scan_ident::tests::underscore_only_identifier_is_wildcard ... ok
test scan_ident::tests::self_value_resolves_to_keyword ... ok
test scan_ident::tests::unicode_xid_continue_after_ascii_start ... ok
test scan_number::tests::binary ... ok
test scan_number::tests::binary_with_separator ... ok
test scan_number::tests::decimal_with_suffix ... ok
test scan_number::tests::empty_hex_prefix ... ok
test scan_number::tests::float_basic ... ok
test scan_number::tests::float_with_exp ... ok
test scan_number::tests::float_with_negative_exp ... ok
test scan_number::tests::hex_lowercase ... ok
test scan_number::tests::hex_overflow_u64 ... ok
test scan_number::tests::decimal_simple ... ok
test scan_number::tests::hex_uppercase ... ok
test scan_number::tests::leading_underscore_after_prefix ... ok
test scan_number::tests::octal ... ok
test scan_number::tests::decimal_with_separators ... ok
test scan_number::tests::u8_at_boundary ... ok
test scan_number::tests::u8_overflow ... ok
test scan_number::tests::unknown_suffix ... ok
test scan_number::tests::zero ... ok
test scan_op::tests::arithmetic_operators ... ok
test scan_op::tests::ascii_only_mode_emits_e0010_on_unicode_glyph ... ok
test scan_op::tests::ascii_only_mode_passes_ascii_through_clean ... ok
test scan_op::tests::braces_and_brackets ... ok
test scan_op::tests::capability_bracket_open ... ok
test scan_op::tests::comma_semicolon_dot ... ok
test scan_op::tests::comparison_operators ... ok
test scan_op::tests::digit_returns_none ... ok
test scan_op::tests::effect_bracket_open ... ok
test scan_op::tests::logical_and_bit_ops ... ok
test scan_op::tests::identifier_byte_returns_none ... ok
test scan_op::tests::longest_match_arrow_vs_minus ... ok
test scan_op::tests::longest_match_colon_colon_vs_colon ... ok
test scan_op::tests::longest_match_eq_vs_assign ... ok
test scan_op::tests::longest_match_fat_arrow_vs_assign ... ok
test scan_op::tests::other_single_char ... ok
test scan_op::tests::parens ... ok
test scan_op::tests::quote_returns_none ... ok
test scan_op::tests::substructural_markers_ascii ... ok
test scan_op::tests::unicode_arrow ... ok
test scan_op::tests::unicode_ascii_roundtrip ... ok
test scan_op::tests::unicode_double_colon ... ok
test scan_op::tests::unicode_fat_arrow ... ok
test scan_op::tests::unicode_linear_consume ... ok
test scan_string::tests::byte_string ... ok
test scan_string::tests::byte_string_unicode_escape_forbidden ... ok
test scan_string::tests::empty_string ... ok
test scan_string::tests::raw_byte_string ... ok
test scan_string::tests::raw_byte_string_single_hash ... ok
test scan_string::tests::raw_string ... ok
test scan_string::tests::raw_string_double_hash ... ok
test scan_string::tests::raw_string_single_hash ... ok
test scan_string::tests::raw_string_with_quote ... ok
test scan_string::tests::simple_string ... ok
test scan_string::tests::string_with_escape ... ok
test scan_string::tests::string_with_hex_escape ... ok
test scan_string::tests::string_with_surrogate_escape ... ok
test scan_string::tests::string_with_unicode_escape ... ok
test scan_string::tests::unterminated_string ... ok
test scan_ws::tests::crlf_is_one_newline ... ok
test scan_ws::tests::lf_is_newline ... ok
test scan_ws::tests::mixed_tab_and_space ... ok
test scan_ws::tests::nbsp_not_recognized ... ok
test scan_ws::tests::non_whitespace_returns_none ... ok
test scan_ws::tests::space_run ... ok
test scan_ws::tests::tab_run ... ok
test scan_ws::tests::whitespace_stops_at_newline ... ok
test scan_ws::tests::zwsp_emits_e0003 ... ok
test source::tests::bom_only_file_emits_e0018 ... ok
test source::tests::bom_stripped_and_offset_recorded ... ok
test source::tests::empty_file_emits_e0018 ... ok
test source::tests::cr_in_middle_of_otherwise_valid_text ... ok
test source::tests::crlf_accepted ... ok
test source::tests::invalid_utf8_after_bom_uses_absolute_offset ... ok
test source::tests::invalid_utf8_emits_e0001_at_byte_offset ... ok
test source::tests::lone_cr_after_bom_uses_absolute_offset ... ok
test source::tests::lone_cr_at_eof_emits_e0002 ... ok
test source::tests::plain_utf8_accepted ... ok
test token::tests::classify_doc_example_compiles ... ok
test source::tests::lone_cr_emits_e0002 ... ok
test token::tests::every_reserved_word_resolves ... ok
test token::tests::keyword_kind_is_case_sensitive ... ok
test token::tests::non_keyword_returns_none ... ok
test token::tests::reserved_words_list_length ... ok
test token::tests::token_is_clone_but_not_copy ... ok
test token::tests::token_kind_size_within_budget ... ok
test token::tests::token_new_and_accessors ... ok
test trivia::tests::doc_comments_classified_as_doc ... ok
test trivia::tests::non_doc_trivia_not_classified_as_doc ... ok
test trivia::tests::trivia_constructs_and_compares ... ok

test result: ok. 143 passed; 0 failed; 0 ignored; 0 measured; 0 filtered out; finished in 0.02s

     Running tests/lex_driver.rs (target/debug/deps/lex_driver-ac0752c729a0cb21)

running 10 tests
test lex_bails_after_100_errors ... ok
test lex_byte_literal ... ok
test lex_byte_string ... ok
test lex_recovers_from_unknown_byte ... ok
test lex_unicode_identifier ... ok
test lex_simple_program ... ok
test lex_mixed_tokens ... ok
test lex_with_trivia_preserved ... ok
test token_spans_contiguous ... ok
test lex_raw_string ... ok

test result: ok. 10 passed; 0 failed; 0 ignored; 0 measured; 0 filtered out; finished in 0.00s

     Running unittests src/lib.rs (target/debug/deps/paideia_as_linker-f8698c3a792cd1bf)

running 0 tests

test result: ok. 0 passed; 0 failed; 0 ignored; 0 measured; 0 filtered out; finished in 0.00s

     Running unittests src/lib.rs (target/debug/deps/paideia_as_parser-4648978a432f6785)

running 175 tests
test cursor::tests::at_kind ... ok
test cursor::tests::bump_advances ... ok
test cursor::tests::bump_past_end_returns_none ... ok
test cursor::tests::current_kind_returns_eof_past_end ... ok
test cursor::tests::current_span_at_end_is_zero_length ... ok
test cursor::tests::peek_at_lookahead ... ok
test cursor::tests::peek_does_not_advance ... ok
test parse_control::tests::block_empty_rejected ... ok
test parse_control::tests::block_expr_stmt_then_tail ... ok
test parse_control::tests::block_let_then_tail ... ok
test parse_control::tests::block_let_typed ... ok
test parse_control::tests::block_nested ... ok
test parse_control::tests::block_multi_let_then_tail ... ok
test parse_control::tests::block_trailing_semi_rejected ... ok
test parse_control::tests::block_single_tail_expr ... ok
test parse_control::tests::if_else_if_chain ... ok
test parse_control::tests::block_with_statements_and_tail ... ok
test parse_control::tests::loop_form ... ok
test parse_control::tests::if_else ... ok
test parse_expr::tests::bit_or_below_logical ... ok
test parse_control::tests::while_form ... ok
test parse_expr::tests::add_mul_precedence ... ok
test parse_control::tests::if_simple ... ok
test parse_expr::tests::compare_below_logical ... ok
test parse_expr::tests::eof_after_partial_expr ... ok
test parse_expr::tests::compare_lt ... ok
test parse_expr::tests::bitwise_and_precedence ... ok
test parse_expr::tests::left_assoc_subtract ... ok
test parse_expr::tests::logical_and_or ... ok
test parse_expr::tests::mixed_precedence_long ... ok
test parse_expr::tests::mul_add_precedence ... ok
test parse_expr::tests::parens_override_precedence ... ok
test parse_expr::tests::nested_prefix ... ok
test parse_expr::tests::postfix_multiple ... ok
test parse_expr::tests::prefix_and_infix_combined ... ok
test parse_expr::tests::postfix_question ... ok
test parse_expr::tests::prefix_logical_not ... ok
test parse_expr::tests::prefix_negation ... ok
test parse_expr::tests::right_assoc_assignment ... ok
test parse_expr::tests::prefix_with_postfix ... ok
test parse_expr::tests::simple_add ... ok
test parse_expr::tests::shifts ... ok
test parse_handler::tests::finally_must_be_last_emits_p0162 ... ok
test parse_expr::tests::single_int_literal ... ok
test parse_handler::tests::handler_value_finally_must_be_last_emits_p0164 ... ok
test parse_handler::tests::nested_perform_in_with ... ok
test parse_handler::tests::parses_handler_value_one_op ... ok
test parse_handler::tests::parses_handler_value_ops_then_finally ... ok
test parse_handler::tests::parses_handler_value_two_ops ... ok
test parse_handler::tests::parses_with_handler_finally ... ok
test parse_handler::tests::with_handler_without_finally_unchanged ... ok
test parse_item::tests::enum_decl ... ok
test parse_item::tests::effect_with_one_op ... ok
test parse_item::tests::signature_decl ... ok
test parse_item::tests::simple_let_decl ... ok
test parse_item::tests::single_module ... ok
test parse_item::tests::two_modules_emits_m0306 ... ok
test parse_lambda::tests::lambda_body_with_call ... ok
test parse_lambda::tests::lambda_fn_one_param_typed ... ok
test parse_lambda::tests::lambda_fn_two_param_groups ... ok
test parse_lambda::tests::lambda_pipe_one_param ... ok
test parse_lambda::tests::lambda_pipe_two_params ... ok
test parse_macro::tests::fragment_kinds_expr_recognized ... ok
test parse_macro::tests::empty_template_block_ok ... ok
test parse_macro::tests::macro_in_nested_structure_parses ... ok
test parse_macro::tests::macro_in_structure_body_parses ... ok
test parse_macro::tests::macro_then_let_in_structure_parses ... ok
test parse_macro::tests::multi_rule_macro_three_rules_parses ... ok
test parse_macro::tests::multi_rule_macro_two_rules_parses ... ok
test parse_macro::tests::multi_rule_trailing_semi_ok ... ok
test parse_macro::tests::multi_rule_with_nested_braces_ok ... ok
test parse_macro::tests::single_rule_form_still_parses ... ok
test parse_macro::tests::single_rule_macro_parses ... ok
test parse_macro::tests::top_level_macro_still_parses ... ok
test parse_macro::tests::unknown_fragment_kind_emits_p0110 ... ok
test parse_match::tests::match_arm_with_complex_body ... ok
test parse_match::tests::match_no_trailing_comma_before_brace ... ok
test parse_match::tests::match_one_arm ... ok
test parse_match::tests::match_two_literal_arms ... ok
test parse_memref::tests::arith_memref ... ok
test parse_memref::tests::simple_memref ... ok
test parse_postfix::tests::chained_calls ... ok
test parse_postfix::tests::chained_index_field ... ok
test parse_postfix::tests::field_access ... ok
test parse_postfix::tests::function_call_missing_close_emits_p0101 ... ok
test parse_postfix::tests::function_call_three_args ... ok
test parse_postfix::tests::function_call_no_args ... ok
test parse_postfix::tests::function_call_trailing_comma ... ok
test parse_postfix::tests::method_call ... ok
test parse_postfix::tests::indexing ... ok
test parse_postfix::tests::question_postfix ... ok
test parse_prefix::tests::nested_prefix ... ok
test parse_prefix::tests::prefix_amp_reference ... ok
test parse_prefix::tests::prefix_bang ... ok
test parse_prefix::tests::prefix_linear_consume_dollar ... ok
test parse_prefix::tests::prefix_minus ... ok
test parse_primary::tests::mismatched_paren_emits_p0101 ... ok
test parse_primary::tests::parses_bool_false ... ok
test parse_primary::tests::parses_bool_true ... ok
test parse_primary::tests::parses_char_literal ... ok
test parse_primary::tests::parses_empty_block_rejected ... ok
test parse_primary::tests::parses_parenthesized_expression ... ok
test parse_primary::tests::parses_path_of_three_segments ... ok
test parse_primary::tests::parses_int_literal ... ok
test parse_primary::tests::parses_perform_basic ... ok
test parse_primary::tests::parses_perform_path_three_segments ... ok
test parse_primary::tests::parses_resume_unit ... ok
test parse_primary::tests::parses_perform_zero_args ... ok
test parse_primary::tests::parses_perform_multi_args ... ok
test parse_primary::tests::parses_simple_identifier ... ok
test parse_primary::tests::parses_resume_value ... ok
test parse_primary::tests::parses_string_literal ... ok
test parse_primary::tests::parses_tuple_three_elements ... ok
test parse_primary::tests::perform_missing_paren_emits_p0161 ... ok
test parse_stmt::tests::expr_stmt ... ok
test parse_primary::tests::parses_unit_literal ... ok
test parse_stmt::tests::instruction_stmt_with_memref_operand ... ok
test parse_stmt::tests::instruction_stmt_with_immediate_operand ... ok
test parse_stmt::tests::instruction_stmt_with_register_operands ... ok
test parse_stmt::tests::let_typed_stmt ... ok
test parse_stmt::tests::return_stmt_no_expr ... ok
test parse_type::tests::parse_affine_glyph ... ok
test parse_stmt::tests::return_stmt_with_expr ... ok
test parse_type::tests::parse_arrow_with_capabilities ... ok
test parse_type::tests::parse_arrow_type ... ok
test parse_type::tests::parse_arrow_with_effects ... ok
test parse_type::tests::parse_arrow_full ... ok
test parse_type::tests::parse_empty_effect_set ... ok
test parse_type::tests::parse_forall_quantified ... ok
test parse_type::tests::parse_empty_cap_set ... ok
test parse_type::tests::parse_linear_class_glyph ... ok
test parse_type::tests::parse_linear_class_keyword ... ok
test parse_type::tests::parse_tuple_type ... ok
test parse_type::tests::parse_simple_type_name ... ok
test parse_type::tests::parse_type_with_args ... ok
test parse_type::tests::parses_function_type_mixed_named_and_positional ... ok
test parse_type::tests::parses_function_type_nested_named_param_types ... ok
test parse_type::tests::parses_function_type_positional_regression ... ok
test parse_type::tests::parses_function_type_with_named_param ... ok
test parse_type::tests::parses_function_type_with_two_named_params ... ok
test parse_type::tests::parses_function_type_zero_args_with_paren ... ok
test parse_unsafe::tests::unsafe_block_accepts_dotted_memref_operand ... ok
test parse_unsafe::tests::unsafe_block_accepts_immediate_operand ... ok
test parse_unsafe::tests::unsafe_block_accepts_memref_operand ... ok
test parse_unsafe::tests::unsafe_block_accepts_multiple_instructions ... ok
test parse_unsafe::tests::unsafe_block_accepts_register_operands ... ok
test parse_unsafe::tests::unsafe_block_accepts_zero_operand_mnemonic ... ok
test parse_unsafe::tests::unsafe_block_parity_with_action_block ... ok
test parse_unsafe::tests::unsafe_capabilities_accepts_dotted_path ... ok
test parse_unsafe::tests::unsafe_capabilities_accepts_bare_ident ... ok
test parse_unsafe::tests::unsafe_capabilities_accepts_multiple_dotted ... ok
test parse_unsafe::tests::unsafe_capabilities_mixed_bare_and_dotted ... ok
test parser::tests::eat_consumes_on_match ... ok
test parser::tests::at_is_non_consuming ... ok
test parser::tests::expect_emits_p0100_on_mismatch ... ok
test parser::tests::expect_passes_on_match ... ok
test parser::tests::recover_to_one_of_handles_eof_without_panic ... ok
test parser::tests::expect_then_recover_round_trip ... ok
test parser::tests::recover_to_one_of_stops_at_brace_close ... ok
test precedence::tests::infix_bp_assignment_looser_than_logical_or ... ok
test precedence::tests::infix_bp_multiplicative_tighter_than_additive ... ok
test parser::tests::recover_to_one_of_skips_through_semicolon ... ok
test precedence::tests::left_assoc_has_right_greater ... ok
test precedence::tests::postfix_bp_tightest ... ok
test precedence::tests::prefix_bp_tighter_than_all_infix ... ok
test precedence::tests::right_assoc_has_right_less ... ok
test quote::tests::antiquote_outside_quote_emits_p0170 ... ok
test quote::tests::malformed_quote_missing_closing_brace_emits_p0171 ... ok
test quote::tests::multi_line_quote_snapshot ... ok
test quote::tests::nested_quote_outer_span_encloses_inner ... ok
test quote::tests::parses_nested_quote_antiquote_inside_inner_quote ... ok
test quote::tests::parses_simple_quote ... ok
test quote::tests::parses_three_level_nested_quote ... ok
test quote::tests::parses_two_level_nested_quote ... ok
test quote::tests::quote_depth_returns_to_zero_after_parse ... ok

test result: ok. 175 passed; 0 failed; 0 ignored; 0 measured; 0 filtered out; finished in 0.02s

     Running tests/example_files.rs (target/debug/deps/example_files-2dbf3c6e5a386aba)

running 11 tests
test test_capability_decl ... ok
test test_effect_with_one_op ... ok
test test_enum_decl ... ok
test test_multiple_items_mixed ... ok
test test_functor_module ... ok
test test_example_11_unsafe_block ... ok
test test_signature_decl ... ok
test test_simple_let_decl ... ok
test test_struct_decl ... ok
test test_two_modules_emits_m0306 ... ok
test test_single_module ... ok

test result: ok. 11 passed; 0 failed; 0 ignored; 0 measured; 0 filtered out; finished in 0.00s

     Running unittests src/lib.rs (target/debug/deps/paideia_as_types-73c24eaa5aed027d)

running 53 tests
test cap_set::tests::cap_id_rejects_zero ... ok
test cap_set::tests::distinct_sets_get_distinct_ids ... ok
test cap_set::tests::cap_id_round_trips ... ok
test cap_set::tests::empty_is_canonical_in_interner ... ok
test cap_set::tests::empty_set_is_subset_of_anything ... ok
test cap_set::tests::from_ids_dedups_repeated_caps ... ok
test cap_set::tests::intersection_preserves_only_common_caps ... ok
test cap_set::tests::is_subset_of_ab_in_abc ... ok
test cap_set::tests::is_subset_of_abc_in_ab_is_false ... ok
test cap_set::tests::missing_caps_reports_difference_for_diagnostics ... ok
test cap_set::tests::sets_with_same_contents_intern_equally_regardless_of_order ... ok
test cap_set::tests::union_merges_and_dedups ... ok
test intern::tests::bool_is_cached ... ok
test intern::tests::bot_is_cached ... ok
test intern::tests::char_is_cached ... ok
test intern::tests::distinct_base_types ... ok
test intern::tests::interner_len_grows_only_on_new_types ... ok
test intern::tests::interning_equal_fn_types ... ok
test intern::tests::interning_uint_widths ... ok
test intern::tests::kind_of_cap_placeholder ... ok
test intern::tests::kind_of_primitives ... ok
test intern::tests::top_is_cached ... ok
test intern::tests::tuple_interning ... ok
test intern::tests::unit_is_cached ... ok
test kinds::tests::cap_placeholder_is_linear ... ok
test kinds::tests::cap_placeholder_with_args_is_linear ... ok
test kinds::tests::function_types_are_unrestricted ... ok
test kinds::tests::named_other_types_are_unrestricted ... ok
test kinds::tests::primitives_are_unrestricted ... ok
test kinds::tests::term_type_is_unrestricted ... ok
test kinds::tests::top_and_bot_are_unrestricted ... ok
test kinds::tests::tuples_are_unrestricted ... ok
test kinds::tests::type_var_is_unrestricted ... ok
test subst::tests::apply_intern_consistency ... ok
test subst::tests::apply_resolves_var_to_concrete ... ok
test subst::tests::apply_walks_tuple_recursively ... ok
test subst::tests::occurs_check_in_tuple ... ok
test subst::tests::occurs_check_simple ... ok
test subst::tests::occurs_check_through_substitution ... ok
test subst::tests::subst_get_missing ... ok
test subst::tests::subst_len ... ok
test unify::tests::occurs_check_through_substitution ... ok
test unify::tests::unify_arity_mismatch ... ok
test unify::tests::unify_concrete_eq ... ok
test unify::tests::unify_kind_mismatch_fn_vs_tuple ... ok
test unify::tests::unify_named_types_differ_by_name ... ok
test unify::tests::unify_occurs_check_alpha_in_tuple ... ok
test unify::tests::unify_named_types_match_by_name ... ok
test unify::tests::unify_tuple_componentwise ... ok
test unify::tests::unify_propagates_through_fn ... ok
test unify::tests::unify_var_with_concrete_extends_subst ... ok
test unify::tests::unify_var_with_self_is_noop ... ok
test intern::tests::deterministic_collision_test ... ok

test result: ok. 53 passed; 0 failed; 0 ignored; 0 measured; 0 filtered out; finished in 0.04s

     Running tests/proptest_unify.rs (target/debug/deps/proptest_unify-9cf41df7804e0c95)

running 2 tests
test prop_unify_idempotent ... ok
test prop_unify_self_noop ... ok

test result: ok. 2 passed; 0 failed; 0 ignored; 0 measured; 0 filtered out; finished in 0.00s

     Running unittests src/lib.rs (target/debug/deps/paideia_effects_corpus-2079302db92f0e32)

running 0 tests

test result: ok. 0 passed; 0 failed; 0 ignored; 0 measured; 0 filtered out; finished in 0.00s

     Running tests/runner.rs (target/debug/deps/runner-3bd6497f784c066c)

running 2 tests
test reject_corpus_emits_expected_codes ... ignored, reject corpus documentation-by-example until m3 elaborator driver wires effect walkers through end-to-end
test accept_corpus_emits_no_effect_codes ... ok

test result: ok. 1 passed; 0 failed; 1 ignored; 0 measured; 0 filtered out; finished in 6.18s

     Running unittests src/lib.rs (target/debug/deps/paideia_end_to_end-d0badf8793ce0882)

running 0 tests

test result: ok. 0 passed; 0 failed; 0 ignored; 0 measured; 0 filtered out; finished in 0.00s

     Running tests/runner.rs (target/debug/deps/runner-52aa8ed43efc455b)

running 2 tests
test codes_corpus_matches_expect_files ... ignored, codes corpus awaits m2/m5 structured IR payloads (linearity, effect, capability classes)
test expect_files_cover_every_listed_code ... ok

test result: ok. 1 passed; 0 failed; 1 ignored; 0 measured; 0 filtered out; finished in 0.00s

     Running unittests src/lib.rs (target/debug/deps/paideia_fmt-a786cccdfb4f359b)

running 0 tests

test result: ok. 0 passed; 0 failed; 0 ignored; 0 measured; 0 filtered out; finished in 0.00s

     Running unittests src/lib.rs (target/debug/deps/paideia_linearity_regression-ac92e9d3a6baac22)

running 0 tests

test result: ok. 0 passed; 0 failed; 0 ignored; 0 measured; 0 filtered out; finished in 0.00s

     Running tests/harness.rs (target/debug/deps/harness-ff0055557488eaa7)

running 3 tests
test reject_corpus_emits_expected_s_codes ... ignored, reject corpus awaits m2/m5 structured IR payloads (linearity, effect, capability classes)
test parse_expect_file_basic ... ok
test accept_corpus_emits_no_s_codes ... ok

test result: ok. 2 passed; 0 failed; 1 ignored; 0 measured; 0 filtered out; finished in 7.98s

     Running unittests src/lib.rs (target/debug/deps/paideia_lsp-e82e68c5556109db)

running 0 tests

test result: ok. 0 passed; 0 failed; 0 ignored; 0 measured; 0 filtered out; finished in 0.00s

     Running unittests src/lib.rs (target/debug/deps/paideia_pq_sign-4cf7cde854bb87a4)

running 0 tests

test result: ok. 0 passed; 0 failed; 0 ignored; 0 measured; 0 filtered out; finished in 0.00s

     Running unittests src/lib.rs (target/debug/deps/paideia_reflection_corpus-15ad4fcd2d13bf44)

running 0 tests

test result: ok. 0 passed; 0 failed; 0 ignored; 0 measured; 0 filtered out; finished in 0.00s

     Running tests/runner.rs (target/debug/deps/runner-1838b15a5babe6d6)

running 2 tests
test reject_corpus_emits_expected_codes ... ignored, reject corpus documentation-by-example until m3 driver (macro matching, expansion)
test accept_corpus_emits_no_macro_codes ... ok

test result: ok. 1 passed; 0 failed; 1 ignored; 0 measured; 0 filtered out; finished in 6.39s

   Doc-tests paideia_as_ast

running 0 tests

test result: ok. 0 passed; 0 failed; 0 ignored; 0 measured; 0 filtered out; finished in 0.00s

   Doc-tests paideia_as_diagnostics

running 0 tests

test result: ok. 0 passed; 0 failed; 0 ignored; 0 measured; 0 filtered out; finished in 0.00s

   Doc-tests paideia_as_dwarf

running 0 tests

test result: ok. 0 passed; 0 failed; 0 ignored; 0 measured; 0 filtered out; finished in 0.00s

   Doc-tests paideia_as_e2e

running 0 tests

test result: ok. 0 passed; 0 failed; 0 ignored; 0 measured; 0 filtered out; finished in 0.00s

   Doc-tests paideia_as_effects

running 0 tests

test result: ok. 0 passed; 0 failed; 0 ignored; 0 measured; 0 filtered out; finished in 0.00s

   Doc-tests paideia_as_elaborator

running 5 tests
test crates/paideia-as-elaborator/src/check_handler.rs - check_handler::check_handler_installation_polymorphic (line 164) ... ignored
test crates/paideia-as-elaborator/src/reflect_api.rs - reflect_api::children (line 88) ... ignored
test crates/paideia-as-elaborator/src/reflect_api.rs - reflect_api::kind (line 69) ... ignored
test crates/paideia-as-elaborator/src/reflect_api.rs - reflect_api::span (line 130) ... ignored
test crates/paideia-as-elaborator/src/reflect_api.rs - reflect_api::type_of (line 112) ... ignored

test result: ok. 0 passed; 0 failed; 5 ignored; 0 measured; 0 filtered out; finished in 0.00s


running 6 tests
test crates/paideia-as-elaborator/src/effect_infer.rs - effect_infer::call_row (line 49) ... ignored
test crates/paideia-as-elaborator/src/effect_infer.rs - effect_infer::check_no_unhandled (line 113) ... ignored
test crates/paideia-as-elaborator/src/effect_infer.rs - effect_infer::compose_rows (line 95) ... ignored
test crates/paideia-as-elaborator/src/effect_infer.rs - effect_infer::generalize_row (line 145) ... ignored
test crates/paideia-as-elaborator/src/effect_infer.rs - effect_infer::handle_row (line 69) ... ignored
test crates/paideia-as-elaborator/src/effect_infer.rs - effect_infer::perform_row (line 36) ... ignored

test result: ok. 0 passed; 0 failed; 6 ignored; 0 measured; 0 filtered out; finished in 0.00s

all doctests ran in 0.52s; merged doctests compilation took 0.51s
   Doc-tests paideia_as_emitter_elf

running 2 tests
test crates/paideia-as-emitter-elf/src/relocs.rs - relocs::RelocEntry::call (line 44) ... ignored
test crates/paideia-as-emitter-elf/src/relocs.rs - relocs::RelocEntry::data64 (line 69) ... ignored

test result: ok. 0 passed; 0 failed; 2 ignored; 0 measured; 0 filtered out; finished in 0.00s

all doctests ran in 0.51s; merged doctests compilation took 0.50s
   Doc-tests paideia_as_emitter_pax

running 3 tests
test crates/paideia-as-emitter-pax/src/header.rs - header::PaxHeader::new (line 103) ... ok
test crates/paideia-as-emitter-pax/src/header.rs - header::PaxHeader::from_bytes (line 183) ... ok
test crates/paideia-as-emitter-pax/src/header.rs - header::PaxHeader::to_bytes (line 132) ... ok

test result: ok. 3 passed; 0 failed; 0 ignored; 0 measured; 0 filtered out; finished in 0.00s

all doctests ran in 0.74s; merged doctests compilation took 0.72s
   Doc-tests paideia_as_emitter_pe

running 0 tests

test result: ok. 0 passed; 0 failed; 0 ignored; 0 measured; 0 filtered out; finished in 0.00s

   Doc-tests paideia_as_ir

running 2 tests
test crates/paideia-as-ir/src/handler_value.rs - handler_value::pretty_handler (line 133) ... ignored
test crates/paideia-as-ir/src/walker.rs - walker::walk (line 92) ... ignored

test result: ok. 0 passed; 0 failed; 2 ignored; 0 measured; 0 filtered out; finished in 0.00s

all doctests ran in 0.50s; merged doctests compilation took 0.49s
   Doc-tests paideia_as_lexer

running 1 test
test crates/paideia-as-lexer/src/token.rs - token::TokenKind (line 28) ... ok

test result: ok. 1 passed; 0 failed; 0 ignored; 0 measured; 0 filtered out; finished in 0.00s

all doctests ran in 0.85s; merged doctests compilation took 0.83s
   Doc-tests paideia_as_linker

running 0 tests

test result: ok. 0 passed; 0 failed; 0 ignored; 0 measured; 0 filtered out; finished in 0.00s

   Doc-tests paideia_as_parser

running 0 tests

test result: ok. 0 passed; 0 failed; 0 ignored; 0 measured; 0 filtered out; finished in 0.00s

   Doc-tests paideia_as_types

running 0 tests

test result: ok. 0 passed; 0 failed; 0 ignored; 0 measured; 0 filtered out; finished in 0.00s

   Doc-tests paideia_effects_corpus

running 0 tests

test result: ok. 0 passed; 0 failed; 0 ignored; 0 measured; 0 filtered out; finished in 0.00s

   Doc-tests paideia_end_to_end

running 0 tests

test result: ok. 0 passed; 0 failed; 0 ignored; 0 measured; 0 filtered out; finished in 0.00s

   Doc-tests paideia_fmt

running 0 tests

test result: ok. 0 passed; 0 failed; 0 ignored; 0 measured; 0 filtered out; finished in 0.00s

   Doc-tests paideia_linearity_regression

running 0 tests

test result: ok. 0 passed; 0 failed; 0 ignored; 0 measured; 0 filtered out; finished in 0.00s

   Doc-tests paideia_lsp

running 0 tests

test result: ok. 0 passed; 0 failed; 0 ignored; 0 measured; 0 filtered out; finished in 0.00s

   Doc-tests paideia_pq_sign

running 0 tests

test result: ok. 0 passed; 0 failed; 0 ignored; 0 measured; 0 filtered out; finished in 0.00s

   Doc-tests paideia_reflection_corpus

running 0 tests

test result: ok. 0 passed; 0 failed; 0 ignored; 0 measured; 0 filtered out; finished in 0.00s

