---
source: crates/paideia-as-diagnostics/tests/sarif.rs
assertion_line: 359
expression: "serde_json::to_string_pretty(&sarif).unwrap()"
---
{
  "$schema": "https://json.schemastore.org/sarif-2.1.0.json",
  "runs": [
    {
      "artifacts": [
        {
          "encoding": "UTF-8",
          "length": 23,
          "location": {
            "uri": "module.pdx"
          }
        },
        {
          "encoding": "UTF-8",
          "length": 23,
          "location": {
            "uri": "lib.pdx"
          }
        }
      ],
      "results": [
        {
          "level": "error",
          "locations": [
            {
              "physicalLocation": {
                "artifactLocation": {
                  "uri": "module.pdx"
                },
                "region": {
                  "endColumn": 6,
                  "endLine": 2,
                  "startColumn": 4,
                  "startLine": 2
                }
              }
            }
          ],
          "message": {
            "text": "invalid UTF-8 sequence"
          },
          "relatedLocations": [
            {
              "message": {
                "text": "bad bytes here"
              },
              "physicalLocation": {
                "artifactLocation": {
                  "uri": "module.pdx"
                },
                "region": {
                  "endColumn": 6,
                  "endLine": 2,
                  "startColumn": 4,
                  "startLine": 2
                }
              }
            }
          ],
          "ruleId": "E0001"
        },
        {
          "fixes": [
            {
              "artifactChanges": [
                {
                  "artifactLocation": {
                    "uri": "lib.pdx"
                  },
                  "replacements": [
                    {
                      "deletedRegion": {
                        "endColumn": 10,
                        "endLine": 1,
                        "startColumn": 6,
                        "startLine": 1
                      },
                      "insertedContent": {
                        "text": ""
                      }
                    }
                  ]
                }
              ],
              "description": {
                "text": "remove unused variable"
              }
            }
          ],
          "level": "warning",
          "locations": [
            {
              "physicalLocation": {
                "artifactLocation": {
                  "uri": "lib.pdx"
                },
                "region": {
                  "endColumn": 10,
                  "endLine": 1,
                  "startColumn": 6,
                  "startLine": 1
                }
              }
            }
          ],
          "message": {
            "text": "unused variable"
          },
          "ruleId": "E0002"
        },
        {
          "level": "note",
          "locations": [
            {
              "physicalLocation": {
                "artifactLocation": {
                  "uri": "module.pdx"
                },
                "region": {
                  "endColumn": 12,
                  "endLine": 1,
                  "startColumn": 1,
                  "startLine": 1
                }
              }
            }
          ],
          "message": {
            "text": "informational note"
          },
          "ruleId": "E0003"
        }
      ],
      "tool": {
        "driver": {
          "informationUri": "https://paideia-os.org/",
          "name": "paideia-as",
          "rules": [
            {
              "defaultConfiguration": {
                "level": "error"
              },
              "fullDescription": {
                "text": "PaideiaOS source files must be UTF-8 encoded. The file's bytes do not form valid UTF-8 at the position indicated."
              },
              "helpUri": "https://paideia-os.org/diagnostics/E0001",
              "id": "E0001",
              "name": "Source file is not valid UTF-8",
              "shortDescription": {
                "text": "encoding error (not UTF-8)"
              }
            },
            {
              "defaultConfiguration": {
                "level": "error"
              },
              "fullDescription": {
                "text": "Source files must use LF (Unix) or CRLF (Windows) line endings. Lone CR characters are not permitted."
              },
              "helpUri": "https://paideia-os.org/diagnostics/E0002",
              "id": "E0002",
              "name": "Line ending error: lone CR found",
              "shortDescription": {
                "text": "line-ending error (lone CR)"
              }
            },
            {
              "defaultConfiguration": {
                "level": "error"
              },
              "fullDescription": {
                "text": "Zero-width spaces and other invisible Unicode characters are not permitted in source code as they can introduce subtle bugs."
              },
              "helpUri": "https://paideia-os.org/diagnostics/E0003",
              "id": "E0003",
              "name": "Invisible character forbidden",
              "shortDescription": {
                "text": "invisible character forbidden (ZWSP, etc.)"
              }
            },
            {
              "defaultConfiguration": {
                "level": "error"
              },
              "fullDescription": {
                "text": "A string literal was opened but not closed before end of line or end of file."
              },
              "helpUri": "https://paideia-os.org/diagnostics/E0004",
              "id": "E0004",
              "name": "Unterminated string literal",
              "shortDescription": {
                "text": "unterminated string literal"
              }
            },
            {
              "defaultConfiguration": {
                "level": "error"
              },
              "fullDescription": {
                "text": "A block comment (/* ... */) was opened but never closed."
              },
              "helpUri": "https://paideia-os.org/diagnostics/E0005",
              "id": "E0005",
              "name": "Unterminated block comment",
              "shortDescription": {
                "text": "unterminated block comment"
              }
            },
            {
              "defaultConfiguration": {
                "level": "error"
              },
              "fullDescription": {
                "text": "A numeric literal contains invalid digits for its radix, or the resulting value exceeds the target type's range."
              },
              "helpUri": "https://paideia-os.org/diagnostics/E0006",
              "id": "E0006",
              "name": "Invalid number literal",
              "shortDescription": {
                "text": "invalid number literal (bad digits, out of range)"
              }
            },
            {
              "defaultConfiguration": {
                "level": "error"
              },
              "fullDescription": {
                "text": "A character literal must contain exactly one Unicode codepoint and use valid escape sequences."
              },
              "helpUri": "https://paideia-os.org/diagnostics/E0007",
              "id": "E0007",
              "name": "Invalid character literal",
              "shortDescription": {
                "text": "invalid character literal (more than one codepoint, bad escape)"
              }
            },
            {
              "defaultConfiguration": {
                "level": "error"
              },
              "fullDescription": {
                "text": "A string literal contains an invalid or malformed escape sequence."
              },
              "helpUri": "https://paideia-os.org/diagnostics/E0008",
              "id": "E0008",
              "name": "Invalid escape in string literal",
              "shortDescription": {
                "text": "invalid escape in string literal"
              }
            },
            {
              "defaultConfiguration": {
                "level": "error"
              },
              "fullDescription": {
                "text": "Raw string delimiters must follow the correct syntax (e.g., r#\"...\"# with matching hash counts)."
              },
              "helpUri": "https://paideia-os.org/diagnostics/E0009",
              "id": "E0009",
              "name": "Invalid raw-string delimiter",
              "shortDescription": {
                "text": "invalid raw-string delimiter"
              }
            },
            {
              "defaultConfiguration": {
                "level": "error"
              },
              "fullDescription": {
                "text": "Unicode operators are not permitted when the file or context is restricted to ASCII-only identifiers and operators."
              },
              "helpUri": "https://paideia-os.org/diagnostics/E0010",
              "id": "E0010",
              "name": "Unicode operator used in ASCII-only mode",
              "shortDescription": {
                "text": "unicode operator used in ASCII-only mode"
              }
            },
            {
              "defaultConfiguration": {
                "level": "error"
              },
              "fullDescription": {
                "text": "A language keyword or reserved word cannot be used as an identifier without quoting."
              },
              "helpUri": "https://paideia-os.org/diagnostics/E0011",
              "id": "E0011",
              "name": "Reserved word used as identifier",
              "shortDescription": {
                "text": "reserved-word used as identifier"
              }
            },
            {
              "defaultConfiguration": {
                "level": "error"
              },
              "fullDescription": {
                "text": "Identifiers must start with a letter or underscore, not a digit or other symbol."
              },
              "helpUri": "https://paideia-os.org/diagnostics/E0012",
              "id": "E0012",
              "name": "Identifier starts with invalid character",
              "shortDescription": {
                "text": "identifier starts with a digit or other invalid character"
              }
            },
            {
              "defaultConfiguration": {
                "level": "error"
              },
              "fullDescription": {
                "text": "The source file exceeds the maximum permitted size (typically to prevent resource exhaustion)."
              },
              "helpUri": "https://paideia-os.org/diagnostics/E0013",
              "id": "E0013",
              "name": "Maximum file size exceeded",
              "shortDescription": {
                "text": "maximum file size exceeded"
              }
            },
            {
              "defaultConfiguration": {
                "level": "error"
              },
              "fullDescription": {
                "text": "Parentheses, brackets, braces, or comment nesting reaches the maximum permitted depth."
              },
              "helpUri": "https://paideia-os.org/diagnostics/E0014",
              "id": "E0014",
              "name": "Maximum nesting depth exceeded",
              "shortDescription": {
                "text": "maximum nesting depth exceeded"
              }
            },
            {
              "defaultConfiguration": {
                "level": "error"
              },
              "fullDescription": {
                "text": "A byte literal must represent a value in the range 0 to 255."
              },
              "helpUri": "https://paideia-os.org/diagnostics/E0015",
              "id": "E0015",
              "name": "Invalid byte literal",
              "shortDescription": {
                "text": "invalid byte literal (out of 0..255)"
              }
            },
            {
              "defaultConfiguration": {
                "level": "error"
              },
              "fullDescription": {
                "text": "A Unicode escape sequence specifies a codepoint outside the valid Unicode range (0 to 0x10FFFF)."
              },
              "helpUri": "https://paideia-os.org/diagnostics/E0016",
              "id": "E0016",
              "name": "Invalid Unicode escape",
              "shortDescription": {
                "text": "invalid Unicode escape (out of 0..0x10FFFF)"
              }
            },
            {
              "defaultConfiguration": {
                "level": "error"
              },
              "fullDescription": {
                "text": "Unicode surrogate codepoints (U+D800 to U+DFFF) cannot appear in escape sequences or identifiers."
              },
              "helpUri": "https://paideia-os.org/diagnostics/E0017",
              "id": "E0017",
              "name": "Surrogate codepoint in Unicode escape",
              "shortDescription": {
                "text": "surrogate codepoint in Unicode escape"
              }
            },
            {
              "defaultConfiguration": {
                "level": "error"
              },
              "fullDescription": {
                "text": "A source file must contain at least one meaningful token (not just whitespace or comments)."
              },
              "helpUri": "https://paideia-os.org/diagnostics/E0018",
              "id": "E0018",
              "name": "Source file is empty or whitespace-only",
              "shortDescription": {
                "text": "source file empty or whitespace-only"
              }
            },
            {
              "defaultConfiguration": {
                "level": "error"
              },
              "fullDescription": {
                "text": "A functor application expression `F(M)` is syntactically incomplete: either the opening `(` is missing after the functor name, or the argument list is not closed with `)`. Check that every module argument is wrapped in matching parentheses."
              },
              "helpUri": "https://paideia-os.org/diagnostics/P0190",
              "id": "P0190",
              "name": "Malformed functor application",
              "shortDescription": {
                "text": "malformed functor application: expected `(` or missing close paren"
              }
            },
            {
              "defaultConfiguration": {
                "level": "error"
              },
              "fullDescription": {
                "text": "A sharing constraint in a functor application `sharing (A::t = B::t)` is malformed: the `=` separator between the two module paths is missing or the paths themselves are incomplete."
              },
              "helpUri": "https://paideia-os.org/diagnostics/P0191",
              "id": "P0191",
              "name": "Malformed sharing constraint",
              "shortDescription": {
                "text": "malformed sharing constraint: expected `=` between paths"
              }
            },
            {
              "defaultConfiguration": {
                "level": "error"
              },
              "fullDescription": {
                "text": "A pack expression `pack M : S` is syntactically incomplete: either the `:` separator is missing or the signature path is absent. Check that the pack syntax is `pack <module> : <signature>`."
              },
              "helpUri": "https://paideia-os.org/diagnostics/P0192",
              "id": "P0192",
              "name": "Malformed pack expression",
              "shortDescription": {
                "text": "malformed pack expression: expected `:` or signature"
              }
            },
            {
              "defaultConfiguration": {
                "level": "error"
              },
              "fullDescription": {
                "text": "An unpack expression `unpack v` is missing its operand. Provide an expression that evaluates to a packed module value."
              },
              "helpUri": "https://paideia-os.org/diagnostics/P0193",
              "id": "P0193",
              "name": "Malformed unpack expression",
              "shortDescription": {
                "text": "malformed unpack expression: missing operand"
              }
            },
            {
              "defaultConfiguration": {
                "level": "error"
              },
              "fullDescription": {
                "text": "A let-module binding `let module N = unpack v in <expr>` is syntactically incomplete: either `=` after the binding name, the `unpack` keyword, or `in` before the continuation is missing. Check the syntax: `let module <name> = unpack <value> in <expr>`."
              },
              "helpUri": "https://paideia-os.org/diagnostics/P0194",
              "id": "P0194",
              "name": "Malformed let-module binding",
              "shortDescription": {
                "text": "malformed let-module binding: missing `=`, `unpack`, or `in`"
              }
            },
            {
              "defaultConfiguration": {
                "level": "error"
              },
              "fullDescription": {
                "text": "Signature ascription requires the structure to define a named type/val/module that is absent."
              },
              "helpUri": "https://paideia-os.org/diagnostics/M0301",
              "id": "M0301",
              "name": "Structure missing signature declaration",
              "shortDescription": {
                "text": "structure does not provide a declaration required by the signature"
              }
            },
            {
              "defaultConfiguration": {
                "level": "error"
              },
              "fullDescription": {
                "text": "A name is bound in both the signature and the structure but with incompatible kinds (type/val/module) or types."
              },
              "helpUri": "https://paideia-os.org/diagnostics/M0302",
              "id": "M0302",
              "name": "Structure binding kind mismatches signature",
              "shortDescription": {
                "text": "structure binding kind or type does not match signature declaration"
              }
            },
            {
              "defaultConfiguration": {
                "level": "error"
              },
              "fullDescription": {
                "text": "A sharing constraint asserted equality between two type paths, but the resolved types differ (or one path is unresolved). See the diagnostic message for the resolved types and a 'did you mean' suggestion when paths are close."
              },
              "helpUri": "https://paideia-os.org/diagnostics/M0303",
              "id": "M0303",
              "name": "Sharing constraint violated",
              "shortDescription": {
                "text": "functor sharing constraint requires equal types but paths disagree"
              }
            },
            {
              "defaultConfiguration": {
                "level": "error"
              },
              "fullDescription": {
                "text": "The `unpack` form opens a packed module value (produced by `pack`). The operand here was a regular structure, not a packed value."
              },
              "helpUri": "https://paideia-os.org/diagnostics/M0304",
              "id": "M0304",
              "name": "Unpack expects a packed value",
              "shortDescription": {
                "text": "`unpack` operand is not a packed module value"
              }
            },
            {
              "defaultConfiguration": {
                "level": "error"
              },
              "fullDescription": {
                "text": "Per §7.6, each .pdx file declares exactly one top-level structure or functor whose name matches the file basename converted to PascalCase (e.g., my_thing.pdx → MyThing)."
              },
              "helpUri": "https://paideia-os.org/diagnostics/M0305",
              "id": "M0305",
              "name": "Module name does not match file basename",
              "shortDescription": {
                "text": "the top-level module's name must match the file basename in PascalCase"
              }
            },
            {
              "defaultConfiguration": {
                "level": "error"
              },
              "fullDescription": {
                "text": "Per §7.6, each .pdx source file declares exactly one module. Found more than one."
              },
              "helpUri": "https://paideia-os.org/diagnostics/M0306",
              "id": "M0306",
              "name": "Multiple top-level modules in file",
              "shortDescription": {
                "text": "a .pdx file must contain exactly one top-level structure or functor"
              }
            },
            {
              "defaultConfiguration": {
                "level": "error"
              },
              "fullDescription": {
                "text": "Phase-1 placeholder for reflective macro features (typed elaborator reflection, quote/antiquote, splice, elab, hygiene under reflection). Retired in Phase 2 m2 (PRs #361–#371) — the full Lean-4-style reflection track is now live so this code should never fire. Reserved for compatibility; will be deleted in Phase 3."
              },
              "helpUri": "https://paideia-os.org/diagnostics/M0307",
              "id": "M0307",
              "name": "Macro feature not implemented in phase 1",
              "shortDescription": {
                "text": "macro feature deferred to phase 2"
              }
            },
            {
              "defaultConfiguration": {
                "level": "error"
              },
              "fullDescription": {
                "text": "Per §7.6, each .pdx source file declares exactly one module (structure or functor). Found none."
              },
              "helpUri": "https://paideia-os.org/diagnostics/M0313",
              "id": "M0313",
              "name": "File contains no top-level module",
              "shortDescription": {
                "text": "a .pdx file must contain exactly one top-level structure or functor"
              }
            },
            {
              "defaultConfiguration": {
                "level": "note"
              },
              "fullDescription": {
                "text": "Per optimization-passes.md §1.2, peephole rewrites improve generated code quality. O1500 informs the user when a rewrite fired."
              },
              "helpUri": "https://paideia-os.org/diagnostics/O1500",
              "id": "O1500",
              "name": "Peephole rewrite applied",
              "shortDescription": {
                "text": "a peephole rewrite fired on the function"
              }
            },
            {
              "defaultConfiguration": {
                "level": "note"
              },
              "fullDescription": {
                "text": "Per optimization-passes.md §2, instruction scheduling exploits ILP within basic blocks by hoisting higher-latency operations earlier."
              },
              "helpUri": "https://paideia-os.org/diagnostics/O1503",
              "id": "O1503",
              "name": "Instruction scheduling applied",
              "shortDescription": {
                "text": "instruction scheduling reordered independent instructions to hide latency"
              }
            },
            {
              "defaultConfiguration": {
                "level": "note"
              },
              "fullDescription": {
                "text": "Per optimization-passes.md §4, modern x86_64 CPUs fuse CMP+Jcc (or TEST+Jcc) pairs into a single µop, but only when both fit within one 16-byte fetch window. This pass aligns such pairs by inserting NOPs as needed."
              },
              "helpUri": "https://paideia-os.org/diagnostics/O1504",
              "id": "O1504",
              "name": "Macro-fusion alignment applied",
              "shortDescription": {
                "text": "CMP+Jcc pair aligned within a 16-byte fetch window for macro fusion"
              }
            },
            {
              "defaultConfiguration": {
                "level": "note"
              },
              "fullDescription": {
                "text": "Per optimization-passes.md §5, basic-block-local dead-store elimination removes stores whose effects are immediately overwritten."
              },
              "helpUri": "https://paideia-os.org/diagnostics/O1505",
              "id": "O1505",
              "name": "Dead-store elimination applied",
              "shortDescription": {
                "text": "stores to memory subsequently overwritten without intervening reads were removed"
              }
            },
            {
              "defaultConfiguration": {
                "level": "error"
              },
              "fullDescription": {
                "text": "A symbol is marked as undefined (section_index=0xFFFFFFFF) in the symbol table, but no input PAX exports a symbol with the same BLAKE3 name hash. The linker cannot resolve this reference."
              },
              "helpUri": "https://paideia-os.org/diagnostics/B1700",
              "id": "B1700",
              "name": "Undefined symbol",
              "shortDescription": {
                "text": "undefined symbol — no exporting PAX provides it"
              }
            },
            {
              "defaultConfiguration": {
                "level": "error"
              },
              "fullDescription": {
                "text": "An ImportsSection entry requests a capability (by BLAKE3 name hash), but no PAX's ExportsSection provides a capability with that hash. The linker cannot bind this required capability."
              },
              "helpUri": "https://paideia-os.org/diagnostics/B1701",
              "id": "B1701",
              "name": "Unbound capability",
              "shortDescription": {
                "text": "unbound capability — no export matches an import"
              }
            },
            {
              "defaultConfiguration": {
                "level": "error"
              },
              "fullDescription": {
                "text": "Per OS-requirements §4 N1, a signing key is authorized for a specific set of effects (its scope). When signing a PAX, the PAX's effect set (from .paideia.effects section) must be a subset of the key's authorized scope. This error indicates a scope mismatch: the key cannot sign this artifact because it lacks authorization for some required effects. Check the key's scope and the artifact's effect declarations."
              },
              "helpUri": "https://paideia-os.org/diagnostics/Q0901",
              "id": "Q0901",
              "name": "Signing-key scope insufficient",
              "shortDescription": {
                "text": "the signing key's scope does not subsume the artifact's effect set"
              }
            }
          ],
          "semanticVersion": "0.0.1",
          "version": "0.0.1"
        }
      }
    }
  ],
  "version": "2.1.0"
}
